Component: ARM Compiler 5.06 update 2 (build 183) Tool: armlink [4d35b7]

==============================================================================

Section Cross References

    main.o(i.main) refers to uart.o(i.UART_Init) for UART_Init
    main.o(i.main) refers to adc.o(i.ADC_Init) for ADC_Init
    main.o(i.main) refers to oled.o(i.OLED_Init) for OLED_Init
    main.o(i.main) refers to key.o(i.key_init) for key_init
    main.o(i.main) refers to ui.o(i.UI) for UI
    oled.o(i.Dly_ms) refers to aeabi_sdiv.o(.text) for __aeabi_uidivmod
    oled.o(i.Dly_ms) refers to oled.o(i.NVIC_SetPriority) for NVIC_SetPriority
    oled.o(i.Dly_ms) refers to system_lpc11xx.o(.data) for SystemCoreClock
    oled.o(i.Draw_BMP) refers to oled.o(i.OLED_Set_Pos) for OLED_Set_Pos
    oled.o(i.Draw_BMP) refers to oled.o(i.OLED_WrDat) for OLED_WrDat
    oled.o(i.OLED_CLS) refers to oled.o(i.OLED_WrCmd) for OLED_WrCmd
    oled.o(i.OLED_CLS) refers to oled.o(i.OLED_WrDat) for OLED_WrDat
    oled.o(i.OLED_DLY_ms) refers to aeabi_sdiv.o(.text) for __aeabi_idivmod
    oled.o(i.OLED_DLY_ms) refers to system_lpc11xx.o(.data) for SystemCoreClock
    oled.o(i.OLED_Fill) refers to oled.o(i.OLED_WrCmd) for OLED_WrCmd
    oled.o(i.OLED_Fill) refers to oled.o(i.OLED_WrDat) for OLED_WrDat
    oled.o(i.OLED_Img) refers to oled.o(i.Draw_BMP) for Draw_BMP
    oled.o(i.OLED_Img) refers to oled.o(.data) for templogo
    oled.o(i.OLED_Img) refers to oled.o(.bss) for blocklogo
    oled.o(i.OLED_Init) refers to oled.o(i.OLED_WrCmd) for OLED_WrCmd
    oled.o(i.OLED_Init) refers to oled.o(i.OLED_Fill) for OLED_Fill
    oled.o(i.OLED_Init) refers to oled.o(i.OLED_Set_Pos) for OLED_Set_Pos
    oled.o(i.OLED_P14x16Str) refers to oled.o(i.OLED_Set_Pos) for OLED_Set_Pos
    oled.o(i.OLED_P14x16Str) refers to oled.o(i.OLED_WrDat) for OLED_WrDat
    oled.o(i.OLED_P14x16Str) refers to oled.o(.constdata) for F14x16_Idx
    oled.o(i.OLED_P6x8Str) refers to oled.o(i.OLED_Set_Pos) for OLED_Set_Pos
    oled.o(i.OLED_P6x8Str) refers to oled.o(i.OLED_WrDat) for OLED_WrDat
    oled.o(i.OLED_P6x8Str) refers to oled.o(.constdata) for F6x8
    oled.o(i.OLED_P8x16Str) refers to oled.o(i.OLED_Set_Pos) for OLED_Set_Pos
    oled.o(i.OLED_P8x16Str) refers to oled.o(i.OLED_WrDat) for OLED_WrDat
    oled.o(i.OLED_P8x16Str) refers to oled.o(.constdata) for F8X16
    oled.o(i.OLED_Print) refers to oled.o(i.OLED_P14x16Str) for OLED_P14x16Str
    oled.o(i.OLED_Print) refers to oled.o(i.OLED_P6x8Str) for OLED_P6x8Str
    oled.o(i.OLED_PrintNum) refers to _printf_percent.o(.ARM.Collect$$_printf_percent$$00000000) for _printf_percent
    oled.o(i.OLED_PrintNum) refers to _printf_d.o(.ARM.Collect$$_printf_percent$$00000009) for _printf_d
    oled.o(i.OLED_PrintNum) refers to _printf_dec.o(.text) for _printf_int_dec
    oled.o(i.OLED_PrintNum) refers to noretval__2sprintf.o(.text) for __2sprintf
    oled.o(i.OLED_PrintNum) refers to oled.o(i.OLED_Print) for OLED_Print
    oled.o(i.OLED_Rectangle) refers to oled.o(i.OLED_Set_Pos) for OLED_Set_Pos
    oled.o(i.OLED_Rectangle) refers to oled.o(i.OLED_WrDat) for OLED_WrDat
    oled.o(i.OLED_Rectangle) refers to oled.o(i.OLED_DLY_ms) for OLED_DLY_ms
    oled.o(i.OLED_Set_Pos) refers to oled.o(i.OLED_WrCmd) for OLED_WrCmd
    key.o(i.PIOINT3_IRQHandler) refers to delay.o(i.delay) for delay
    key.o(i.PIOINT3_IRQHandler) refers to key.o(.data) for key_mode
    ui.o(i.UI) refers to oled.o(i.OLED_P6x8Str) for OLED_P6x8Str
    ui.o(i.UI) refers to ui.o(i.printscreen) for printscreen
    ui.o(i.UI) refers to ui.o(i.__ARM_common_switch8) for __ARM_common_switch8
    ui.o(i.UI) refers to oled.o(i.OLED_CLS) for OLED_CLS
    ui.o(i.UI) refers to uart.o(i.UART_SendStr) for UART_SendStr
    ui.o(i.UI) refers to oled.o(i.OLED_Print) for OLED_Print
    ui.o(i.UI) refers to adc.o(i.ADC_read) for ADC_read
    ui.o(i.UI) refers to oled.o(i.OLED_PrintNum) for OLED_PrintNum
    ui.o(i.UI) refers to key.o(.data) for key_value
    ui.o(i.UI) refers to ui.o(.data) for chonum
    ui.o(i.UI) refers to adc.o(.data) for t
    ui.o(i.printscreen) refers to oled.o(i.OLED_P6x8Str) for OLED_P6x8Str
    ui.o(i.printscreen) refers to ui.o(.data) for scr
    adc.o(i.ADC_Init) refers to aeabi_sdiv.o(.text) for __aeabi_uidivmod
    adc.o(i.ADC_Init) refers to system_lpc11xx.o(.data) for SystemCoreClock
    adc.o(i.ADC_read) refers to _printf_pad.o(.text) for _printf_pre_padding
    adc.o(i.ADC_read) refers to _printf_percent.o(.ARM.Collect$$_printf_percent$$00000000) for _printf_percent
    adc.o(i.ADC_read) refers to _printf_f.o(.ARM.Collect$$_printf_percent$$00000003) for _printf_f
    adc.o(i.ADC_read) refers to printf1.o(x$fpl$printf1) for _printf_fp_dec
    adc.o(i.ADC_read) refers to aeabi_sdiv.o(.text) for __aeabi_uidivmod
    adc.o(i.ADC_read) refers to fflti.o(.text) for __aeabi_ui2f
    adc.o(i.ADC_read) refers to adc.o(i.CaculTwoPoint) for CaculTwoPoint
    adc.o(i.ADC_read) refers to f2d.o(.text) for __aeabi_f2d
[...]
    system_lpc11xx.o(i.SystemCoreClockUpdate) refers to system_lpc11xx.o(.data) for SystemCoreClock
    __2sprintf.o(.text) refers to _printf_char_common.o(.text) for _printf_char_common
    __2sprintf.o(.text) refers to _sputc.o(.text) for _sputc
    noretval__2sprintf.o(.text) refers to _printf_char_common.o(.text) for _printf_char_common
    noretval__2sprintf.o(.text) refers to _sputc.o(.text) for _sputc
    __printf.o(.text) refers to _printf_percent.o(.ARM.Collect$$_printf_percent$$00000000) for _printf_percent
    _printf_dec.o(.text) refers to rtudiv10.o(.text) for __rt_udiv10
    _printf_dec.o(.text) refers to _printf_intcommon.o(.text) for _printf_int_common
    __printf_flags.o(.text) refers to _printf_percent.o(.ARM.Collect$$_printf_percent$$00000000) for _printf_percent
    __printf_flags.o(.text) refers to __printf_flags.o(.constdata) for .constdata
    __printf_ss.o(.text) refers to _printf_percent.o(.ARM.Collect$$_printf_percent$$00000000) for _printf_percent
    __printf_flags_ss.o(.text) refers to _printf_percent.o(.ARM.Collect$$_printf_percent$$00000000) for _printf_percent
    __printf_flags_ss.o(.text) refers to __printf_flags_ss.o(.constdata) for .constdata
    __printf_wp.o(.text) refers to __printf_wp.o(i._is_digit) for _is_digit
    __printf_wp.o(.text) refers to _printf_percent.o(.ARM.Collect$$_printf_percent$$00000000) for _printf_percent
    __printf_flags_wp.o(.text) refers to __printf_wp.o(i._is_digit) for _is_digit
    __printf_flags_wp.o(.text) refers to _printf_percent.o(.ARM.Collect$$_printf_percent$$00000000) for _printf_percent
    __printf_flags_wp.o(.text) refers to __printf_flags_wp.o(.constdata) for .constdata
    __printf_ss_wp.o(.text) refers to __printf_wp.o(i._is_digit) for _is_digit
    __printf_ss_wp.o(.text) refers to _printf_percent.o(.ARM.Collect$$_printf_percent$$00000000) for _printf_percent
    __printf_flags_ss_wp.o(.text) refers to __printf_wp.o(i._is_digit) for _is_digit
    __printf_flags_ss_wp.o(.text) refers to _printf_percent.o(.ARM.Collect$$_printf_percent$$00000000) for _printf_percent
    __printf_flags_ss_wp.o(.text) refers to __printf_flags_ss_wp.o(.constdata) for .constdata
    _printf_d.o(.ARM.Collect$$_printf_percent$$00000009) refers (Weak) to _printf_dec.o(.text) for _printf_int_dec
    _printf_f.o(.ARM.Collect$$_printf_percent$$00000003) refers (Weak) to printf1.o(x$fpl$printf1) for _printf_fp_dec
    _printf_percent.o(.ARM.Collect$$_printf_percent$$00000000) refers (Special) to _printf_percent_end.o(.ARM.Collect$$_printf_percent$$00000017) for _printf_percent_end
    __main.o(!!!main) refers to __rtentry.o(.ARM.Collect$$rtentry$$00000000) for __rt_entry
    d2f.o(.text) refers (Special) to usenofp.o(x$fpl$usenofp) for __I$use$fp
    dflti.o(.text) refers (Special) to usenofp.o(x$fpl$usenofp) for __I$use$fp
    dlef.o(x$fpl$dleqf) refers (Special) to usenofp.o(x$fpl$usenofp) for __I$use$fp
    dlef.o(x$fpl$dleqf) refers to dcmpin.o(.text) for __fpl_dcmp_InfNaN
    drlef.o(x$fpl$drleqf) refers (Special) to usenofp.o(x$fpl$usenofp) for __I$use$fp
    drlef.o(x$fpl$drleqf) refers to dcmpin.o(.text) for __fpl_dcmp_InfNaN
    f2d.o(.text) refers (Special) to usenofp.o(x$fpl$usenofp) for __I$use$fp
    faddsub.o(x$fpl$fadd) refers (Special) to usenofp.o(x$fpl$usenofp) for __I$use$fp
    faddsub.o(x$fpl$fadd) refers to faddsub.o(x$fpl$fsub) for _fsub1
    faddsub.o(x$fpl$frsb) refers (Special) to usenofp.o(x$fpl$usenofp) for __I$use$fp
    faddsub.o(x$fpl$frsb) refers to faddsub.o(x$fpl$fsub) for _fsub1
    faddsub.o(x$fpl$frsb) refers to faddsub.o(x$fpl$fadd) for _fadd1
    faddsub.o(x$fpl$fsub) refers (Special) to usenofp.o(x$fpl$usenofp) for __I$use$fp
    faddsub.o(x$fpl$fsub) refers to faddsub.o(x$fpl$fadd) for _fadd1
    fdiv.o(.text) refers (Special) to usenofp.o(x$fpl$usenofp) for __I$use$fp
    fdiv.o(.text) refers to fdiv.o(.constdata) for .constdata
    fdiv.o(.constdata) refers (Special) to usenofp.o(x$fpl$usenofp) for __I$use$fp
    fflti.o(.text) refers (Special) to usenofp.o(x$fpl$usenofp) for __I$use$fp
    fmul.o(x$fpl$fmul) refers (Special) to usenofp.o(x$fpl$usenofp) for __I$use$fp
    printf1.o(x$fpl$printf1) refers to _printf_fp_dec.o(.text) for _printf_fp_dec_real
    __rtentry.o(.ARM.Collect$$rtentry$$00000000) refers (Special) to __rtentry2.o(.ARM.Collect$$rtentry$$0000000A) for __rt_entry_li
    __rtentry.o(.ARM.Collect$$rtentry$$00000000) refers (Special) to __rtentry2.o(.ARM.Collect$$rtentry$$0000000D) for __rt_entry_main
    __rtentry.o(.ARM.Collect$$rtentry$$00000000) refers (Special) to __rtentry2.o(.ARM.Collect$$rtentry$$0000000C) for __rt_entry_postli_1
    __rtentry.o(.ARM.Collect$$rtentry$$00000000) refers (Special) to __rtentry2.o(.ARM.Collect$$rtentry$$00000009) for __rt_entry_postsh_1
    __rtentry.o(.ARM.Collect$$rtentry$$00000000) refers (Special) to __rtentry2.o(.ARM.Collect$$rtentry$$00000002) for __rt_entry_presh_1
    __rtentry.o(.ARM.Collect$$rtentry$$00000000) refers (Special) to __rtentry4.o(.ARM.Collect$$rtentry$$00000004) for __rt_entry_sh
    aeabi_idiv0_sigfpe.o(.text) refers to rt_div0.o(.text) for __rt_div0
    _printf_intcommon.o(.text) refers (Weak) to _printf_pad.o(.text) for _printf_pre_padding
    _printf_intcommon.o(.text) refers (Weak) to _printf_pad.o(.text) for _printf_pre_padding
    _printf_intcommon.o(.text) refers (Weak) to _printf_pad.o(.text) for _printf_post_padding
    _printf_fp_dec.o(.text) refers (Special) to usenofp.o(x$fpl$usenofp) for __I$use$fp
    _printf_fp_dec.o(.text) refers (Special) to lc_numeric_c.o(locale$$code) for _get_lc_numeric
    _printf_fp_dec.o(.text) refers to bigflt0.o(.text) for _btod_etento
    _printf_fp_dec.o(.text) refers to btod.o(.text) for _btod_d2e
    _printf_fp_dec.o(.text) refers to lludiv10.o(.text) for _ll_udiv10
    _printf_fp_dec.o(.text) refers to fpclassify.o(i.__ARM_fpclassify) for __ARM_fpclassify
    _printf_fp_dec.o(.text) refers to _printf_fp_infnan.o(.text) for _printf_fp_infnan
    _printf_fp_dec.o(.text) refers to rtudiv10.o(.text) for __rt_udiv10
    _printf_fp_dec.o(.text) refers (Weak) to _printf_pad.o(.text) for _printf_pre_padding
    _printf_fp_dec.o(.text) refers (Weak) to _printf_pad.o(.text) for _printf_pre_padding
    _printf_fp_dec.o(.text) refers to rt_locale_intlibspace.o(.text) for __rt_locale
    _printf_fp_dec.o(.text) refers (Weak) to _printf_pad.o(.text) for _printf_post_padding
    _printf_char_common.o(.text) refers to __printf_wp.o(.text) for __printf
    dcmpin.o(.text) refers (Special) to usenofp.o(x$fpl$usenofp) for __I$use$fp
    dcmpin.o(.text) refers to cmpret.o(.text) for __fpl_cmpreturn
    dcmpin.o(.text) refers to dnan2.o(.text) for __fpl_dcheck_NaN2
    __rtentry2.o(.ARM.Collect$$rtentry$$00000008) refers to boardinit2.o(.text) for _platform_post_stackheap_init
    __rtentry2.o(.ARM.Collect$$rtentry$$0000000A) refers to libinit.o(.ARM.Collect$$libinit$$00000000) for __rt_lib_init
    __rtentry2.o(.ARM.Collect$$rtentry$$0000000B) refers to boardinit3.o(.text) for _platform_post_lib_init
    __rtentry2.o(.ARM.Collect$$rtentry$$0000000D) refers to main.o(i.main) for main
    __rtentry2.o(.ARM.Collect$$rtentry$$0000000D) refers to exit.o(.text) for exit
    __rtentry2.o(.ARM.exidx) refers to __rtentry2.o(.ARM.Collect$$rtentry$$00000001) for .ARM.Collect$$rtentry$$00000001
    __rtentry2.o(.ARM.exidx) refers to __rtentry2.o(.ARM.Collect$$rtentry$$00000008) for .ARM.Collect$$rtentry$$00000008
    __rtentry2.o(.ARM.exidx) refers to __rtentry2.o(.ARM.Collect$$rtentry$$0000000A) for .ARM.Collect$$rtentry$$0000000A
    __rtentry2.o(.ARM.exidx) refers to __rtentry2.o(.ARM.Collect$$rtentry$$0000000B) for .ARM.Collect$$rtentry$$0000000B
    __rtentry2.o(.ARM.exidx) refers to __rtentry2.o(.ARM.Collect$$rtentry$$0000000D) for .ARM.Collect$$rtentry$$0000000D
    __rtentry4.o(.ARM.Collect$$rtentry$$00000004) refers to sys_stackheap_outer.o(.text) for __user_setup_stackheap
    __rtentry4.o(.ARM.exidx) refers to __rtentry4.o(.ARM.Collect$$rtentry$$00000004) for .ARM.Collect$$rtentry$$00000004
    rt_div0.o(.text) refers to defsig_fpe_outer.o(.text) for __rt_SIGFPE
    rt_locale.o(.text) refers to rt_locale.o(.bss) for __rt_locale_data
    rt_locale_intlibspace.o(.text) refers to libspace.o(.bss) for __libspace_start
    _printf_fp_infnan.o(.text) refers (Weak) to _printf_pad.o(.text) for _printf_pre_padding
    _printf_fp_infnan.o(.text) refers (Weak) to _printf_pad.o(.text) for _printf_post_padding
    bigflt0.o(.text) refers (Special) to usenofp.o(x$fpl$usenofp) for __I$use$fp
    bigflt0.o(.text) refers to aeabi_sdiv.o(.text) for __aeabi_idivmod
    bigflt0.o(.text) refers to btod.o(.text) for _btod_emul
    bigflt0.o(.text) refers to bigflt0.o(.constdata) for .constdata
    bigflt0.o(.constdata) refers (Special) to usenofp.o(x$fpl$usenofp) for __I$use$fp
    btod.o(.text) refers to btod.o(i.__ARM_common_ll_muluu) for __ARM_common_ll_muluu
    lc_numeric_c.o(locale$$data) refers (Special) to libinit2.o(.ARM.Collect$$libinit$$00000016) for __rt_lib_init_lc_numeric_2
    lc_numeric_c.o(locale$$code) refers (Special) to libinit2.o(.ARM.Collect$$libinit$$00000016) for __rt_lib_init_lc_numeric_2
    lc_numeric_c.o(locale$$code) refers to strcmp.o(.text) for strcmp
    lc_numeric_c.o(locale$$code) refers to lc_numeric_c.o(locale$$data) for __lcnum_c_name
    cmpret.o(.text) refers (Special) to usenofp.o(x$fpl$usenofp) for __I$use$fp
    dnan2.o(.text) refers (Special) to usenofp.o(x$fpl$usenofp) for __I$use$fp
    dnan2.o(.text) refers to retnan.o(.text) for __fpl_return_NaN
    ieee_status.o(.text) refers (Special) to usenofp.o(x$fpl$usenofp) for __I$use$fp
    fpclassify.o(i.__ARM_fpclassify) refers (Special) to usenofp.o(x$fpl$usenofp) for __I$use$fp
    libspace.o(.text) refers to libspace.o(.bss) for __libspace_start
    sys_stackheap_outer.o(.text) refers to libspace.o(.text) for __user_perproc_libspace
    sys_stackheap_outer.o(.text) refers to startup_lpc11xx.o(.text) for __user_initial_stackheap
    sys_stackheap_outer.o(__vectab_stack_and_reset_area) refers to tempstk.o(.text) for __temporary_stack_top
    sys_stackheap_outer.o(__vectab_stack_and_reset_area) refers to __main.o(!!!main) for __main
    exit.o(.text) refers to rtexit.o(.ARM.Collect$$rtexit$$00000000) for __rt_exit
    defsig_fpe_outer.o(.text) refers to defsig_fpe_inner.o(.text) for __rt_SIGFPE_inner
    defsig_fpe_outer.o(.text) refers to defsig_exit.o(.text) for __sig_exit
    defsig_fpe_formal.o(.text) refers to rt_raise.o(.text) for __rt_raise
    libinit.o(.ARM.Collect$$libinit$$00000000) refers (Special) to libinit2.o(.ARM.Collect$$libinit$$0000002E) for __rt_lib_init_alloca_1
    libinit.o(.ARM.Collect$$libinit$$00000000) refers (Special) to libinit2.o(.ARM.Collect$$libinit$$0000002C) for __rt_lib_init_argv_1
    libinit.o(.ARM.Collect$$libinit$$00000000) refers (Special) to libinit2.o(.ARM.Collect$$libinit$$0000001B) for __rt_lib_init_atexit_1
    libinit.o(.ARM.Collect$$libinit$$00000000) refers (Special) to libinit2.o(.ARM.Collect$$libinit$$00000021) for __rt_lib_init_clock_1
    libinit.o(.ARM.Collect$$libinit$$00000000) refers (Special) to libinit2.o(.ARM.Collect$$libinit$$00000032) for __rt_lib_init_cpp_1
    libinit.o(.ARM.Collect$$libinit$$00000000) refers (Special) to libinit2.o(.ARM.Collect$$libinit$$00000030) for __rt_lib_init_exceptions_1
    libinit.o(.ARM.Collect$$libinit$$00000000) refers (Special) to libinit2.o(.ARM.Collect$$libinit$$00000002) for __rt_lib_init_fp_1
    libinit.o(.ARM.Collect$$libinit$$00000000) refers (Special) to libinit2.o(.ARM.Collect$$libinit$$0000001F) for __rt_lib_init_fp_trap_1
    libinit.o(.ARM.Collect$$libinit$$00000000) refers (Special) to libinit2.o(.ARM.Collect$$libinit$$00000023) for __rt_lib_init_getenv_1
    libinit.o(.ARM.Collect$$libinit$$00000000) refers (Special) to libinit2.o(.ARM.Collect$$libinit$$0000000A) for __rt_lib_init_heap_1
    libinit.o(.ARM.Collect$$libinit$$00000000) refers (Special) to libinit2.o(.ARM.Collect$$libinit$$00000011) for __rt_lib_init_lc_collate_1
    libinit.o(.ARM.Collect$$libinit$$00000000) refers (Special) to libinit2.o(.ARM.Collect$$libinit$$00000013) for __rt_lib_init_lc_ctype_1
    libinit.o(.ARM.Collect$$libinit$$00000000) refers (Special) to libinit2.o(.ARM.Collect$$libinit$$00000015) for __rt_lib_init_lc_monetary_1
    libinit.o(.ARM.Collect$$libinit$$00000000) refers (Special) to libinit2.o(.ARM.Collect$$libinit$$00000017) for __rt_lib_init_lc_numeric_1
    libinit.o(.ARM.Collect$$libinit$$00000000) refers (Special) to libinit2.o(.ARM.Collect$$libinit$$00000019) for __rt_lib_init_lc_time_1
    libinit.o(.ARM.Collect$$libinit$$00000000) refers (Special) to libinit2.o(.ARM.Collect$$libinit$$00000004) for __rt_lib_init_preinit_1
    libinit.o(.ARM.Collect$$libinit$$00000000) refers (Special) to libinit2.o(.ARM.Collect$$libinit$$0000000E) for __rt_lib_init_rand_1
    libinit.o(.ARM.Collect$$libinit$$00000000) refers (Special) to libinit2.o(.ARM.Collect$$libinit$$00000033) for __rt_lib_init_return
    libinit.o(.ARM.Collect$$libinit$$00000000) refers (Special) to libinit2.o(.ARM.Collect$$libinit$$0000001D) for __rt_lib_init_signal_1
    libinit.o(.ARM.Collect$$libinit$$00000000) refers (Special) to libinit2.o(.ARM.Collect$$libinit$$00000025) for __rt_lib_init_stdio_1
    libinit.o(.ARM.Collect$$libinit$$00000000) refers (Special) to libinit2.o(.ARM.Collect$$libinit$$0000000C) for __rt_lib_init_user_alloc_1
    libinit2.o(.ARM.Collect$$libinit$$0000000F) refers (Weak) to rt_locale_intlibspace.o(.text) for __rt_locale
    libinit2.o(.ARM.Collect$$libinit$$00000010) refers to libinit2.o(.ARM.Collect$$libinit$$0000000F) for .ARM.Collect$$libinit$$0000000F
    libinit2.o(.ARM.Collect$$libinit$$00000012) refers to libinit2.o(.ARM.Collect$$libinit$$0000000F) for .ARM.Collect$$libinit$$0000000F
    libinit2.o(.ARM.Collect$$libinit$$00000014) refers to libinit2.o(.ARM.Collect$$libinit$$0000000F) for .ARM.Collect$$libinit$$0000000F
    libinit2.o(.ARM.Collect$$libinit$$00000016) refers to libinit2.o(.ARM.Collect$$libinit$$0000000F) for .ARM.Collect$$libinit$$0000000F
    libinit2.o(.ARM.Collect$$libinit$$00000016) refers (Weak) to lc_numeric_c.o(locale$$code) for _get_lc_numeric
    libinit2.o(.ARM.Collect$$libinit$$00000018) refers to libinit2.o(.ARM.Collect$$libinit$$0000000F) for .ARM.Collect$$libinit$$0000000F
    libinit2.o(.ARM.Collect$$libinit$$00000026) refers to argv_veneer.o(.text) for __ARM_argv_veneer
    libinit2.o(.ARM.Collect$$libinit$$00000027) refers to argv_veneer.o(.text) for __ARM_argv_veneer
    retnan.o(.text) refers (Special) to usenofp.o(x$fpl$usenofp) for __I$use$fp
    retnan.o(.text) refers to cmpret.o(.text) for __fpl_cmpreturn
    rtexit.o(.ARM.Collect$$rtexit$$00000000) refers (Special) to rtexit2.o(.ARM.Collect$$rtexit$$00000004) for __rt_exit_exit
    rtexit.o(.ARM.Collect$$rtexit$$00000000) refers (Special) to rtexit2.o(.ARM.Collect$$rtexit$$00000003) for __rt_exit_ls
    rtexit.o(.ARM.Collect$$rtexit$$00000000) refers (Special) to rtexit2.o(.ARM.Collect$$rtexit$$00000002) for __rt_exit_prels_1
    rtexit.o(.ARM.exidx) refers (Special) to rtexit2.o(.ARM.Collect$$rtexit$$00000004) for __rt_exit_exit
    rtexit.o(.ARM.exidx) refers (Special) to rtexit2.o(.ARM.Collect$$rtexit$$00000003) for __rt_exit_ls
    rtexit.o(.ARM.exidx) refers (Special) to rtexit2.o(.ARM.Collect$$rtexit$$00000002) for __rt_exit_prels_1
    rtexit.o(.ARM.exidx) refers to rtexit.o(.ARM.Collect$$rtexit$$00000000) for .ARM.Collect$$rtexit$$00000000
    rt_raise.o(.text) refers to __raise.o(.text) for __raise
    rt_raise.o(.text) refers to sys_exit.o(.text) for _sys_exit
    defsig_exit.o(.text) refers to sys_exit.o(.text) for _sys_exit
    defsig_fpe_inner.o(.text) refers to defsig_general.o(.text) for __default_signal_display
    sys_exit.o(.text) refers (Special) to use_no_semi.o(.text) for __I$use$semihosting
    sys_exit.o(.text) refers (Special) to indicate_semi.o(.text) for __semihosting_library_function
    rtexit2.o(.ARM.Collect$$rtexit$$00000003) refers to libshutdown.o(.ARM.Collect$$libshutdown$$00000000) for __rt_lib_shutdown
    rtexit2.o(.ARM.Collect$$rtexit$$00000004) refers to sys_exit.o(.text) for _sys_exit
    rtexit2.o(.ARM.exidx) refers to rtexit2.o(.ARM.Collect$$rtexit$$00000001) for .ARM.Collect$$rtexit$$00000001
    rtexit2.o(.ARM.exidx) refers to rtexit2.o(.ARM.Collect$$rtexit$$00000003) for .ARM.Collect$$rtexit$$00000003
    rtexit2.o(.ARM.exidx) refers to rtexit2.o(.ARM.Collect$$rtexit$$00000004) for .ARM.Collect$$rtexit$$00000004
    __raise.o(.text) refers to defsig.o(CL$$defsig) for __default_signal_handler
    defsig_general.o(.text) refers to sys_wrch.o(.text) for _ttywrch
    _get_argv_nomalloc.o(.text) refers (Special) to hrguard.o(.text) for __heap_region$guard
    _get_argv_nomalloc.o(.text) refers to defsig_rtmem_outer.o(.text) for __rt_SIGRTMEM
    _get_argv_nomalloc.o(.text) refers to sys_command.o(.text) for _sys_command_string
    sys_wrch.o(.text) refers (Special) to use_no_semi.o(.text) for __I$use$semihosting
    sys_wrch.o(.text) refers (Special) to indicate_semi.o(.text) for __semihosting_library_function
    sys_command.o(.text) refers (Special) to use_no_semi.o(.text) for __I$use$semihosting
    sys_command.o(.text) refers (Special) to indicate_semi.o(.text) for __semihosting_library_function
    defsig_rtmem_outer.o(.text) refers to defsig_rtmem_inner.o(.text) for __rt_SIGRTMEM_inner
    defsig_rtmem_outer.o(.text) refers to defsig_exit.o(.text) for __sig_exit
    defsig_rtmem_formal.o(.text) refers to rt_raise.o(.text) for __rt_raise
    defsig.o(CL$$defsig) refers to defsig_fpe_inner.o(.text) for __rt_SIGFPE_inner
    defsig.o(CL$$defsig) refers to defsig_rtmem_inner.o(.text) for __rt_SIGRTMEM_inner
    libshutdown.o(.ARM.Collect$$libshutdown$$00000000) refers (Special) to libshutdown2.o(.ARM.Collect$$libshutdown$$00000002) for __rt_lib_shutdown_cpp_1
    libshutdown.o(.ARM.Collect$$libshutdown$$00000000) refers (Special) to libshutdown2.o(.ARM.Collect$$libshutdown$$00000007) for __rt_lib_shutdown_fp_trap_1
    libshutdown.o(.ARM.Collect$$libshutdown$$00000000) refers (Special) to libshutdown2.o(.ARM.Collect$$libshutdown$$0000000F) for __rt_lib_shutdown_heap_1
    libshutdown.o(.ARM.Collect$$libshutdown$$00000000) refers (Special) to libshutdown2.o(.ARM.Collect$$libshutdown$$00000010) for __rt_lib_shutdown_return
    libshutdown.o(.ARM.Collect$$libshutdown$$00000000) refers (Special) to libshutdown2.o(.ARM.Collect$$libshutdown$$0000000A) for __rt_lib_shutdown_signal_1
    libshutdown.o(.ARM.Collect$$libshutdown$$00000000) refers (Special) to libshutdown2.o(.ARM.Collect$$libshutdown$$00000004) for __rt_lib_shutdown_stdio_1
    libshutdown.o(.ARM.Collect$$libshutdown$$00000000) refers (Special) to libshutdown2.o(.ARM.Collect$$libshutdown$$0000000C) for __rt_lib_shutdown_user_alloc_1
    defsig_abrt_inner.o(.text) refers to defsig_general.o(.text) for __default_signal_display
    defsig_rtred_inner.o(.text) refers to defsig_general.o(.text) for __default_signal_display
    defsig_rtmem_inner.o(.text) refers to defsig_general.o(.text) for __default_signal_display
    defsig_stak_inner.o(.text) refers to defsig_general.o(.text) for __default_signal_display
    defsig_pvfn_inner.o(.text) refers to defsig_general.o(.text) for __default_signal_display
    defsig_cppl_inner.o(.text) refers to defsig_general.o(.text) for __default_signal_display
    defsig_segv_inner.o(.text) refers to defsig_general.o(.text) for __default_signal_display
    defsig_other.o(.text) refers to defsig_general.o(.text) for __default_signal_display


==============================================================================

Removing Unused input sections from the image.

    Removing main.o(.rev16_text), (4 bytes).
    Removing main.o(.revsh_text), (4 bytes).
    Removing oled.o(.rev16_text), (4 bytes).
    Removing oled.o(.revsh_text), (4 bytes).
    Removing oled.o(i.Dly_ms), (100 bytes).
    Removing oled.o(i.Draw_BMP), (116 bytes).
    Removing oled.o(i.NVIC_SetPriority), (120 bytes).
    Removing oled.o(i.OLED_DLY_ms), (84 bytes).
    Removing oled.o(i.OLED_Img), (544 bytes).
    Removing oled.o(i.OLED_P8x16Str), (140 bytes).
    Removing oled.o(i.OLED_Rectangle), (130 bytes).
    Removing oled.o(.bss), (128 bytes).
    Removing oled.o(.data), (1984 bytes).
    Removing key.o(.rev16_text), (4 bytes).
    Removing key.o(.revsh_text), (4 bytes).
    Removing ui.o(.rev16_text), (4 bytes).
    Removing ui.o(.revsh_text), (4 bytes).
    Removing delay.o(.rev16_text), (4 bytes).
    Removing delay.o(.revsh_text), (4 bytes).
    Removing adc.o(.rev16_text), (4 bytes).
    Removing adc.o(.revsh_text), (4 bytes).
    Removing uart.o(.rev16_text), (4 bytes).
    Removing uart.o(.revsh_text), (4 bytes).
    Removing uart.o(i.UART_GetByte), (28 bytes).
    Removing uart.o(.data), (9 bytes).
    Removing system_lpc11xx.o(.rev16_text), (4 bytes).
    Removing system_lpc11xx.o(.revsh_text), (4 bytes).
    Removing system_lpc11xx.o(i.SystemCoreClockUpdate), (440 bytes).

28 unused section(s) (total 3887 bytes) removed from the image.

==============================================================================

Image Symbol Table

    Local Symbols

    Symbol Name                              Value     Ov Type        Size  Object(Section)

    RESET                                    0x00000000   Section      192  startup_lpc11xx.o(RESET)
    ../clib/../cmprslib/zerorunl2.c          0x00000000   Number         0  __dczerorl2.o ABSOLUTE
    ../clib/angel/boardlib.s                 0x00000000   Number         0  boardshut.o ABSOLUTE
    ../clib/angel/boardlib.s                 0x00000000   Number         0  boardinit3.o ABSOLUTE
    ../clib/angel/boardlib.s                 0x00000000   Number         0  boardinit2.o ABSOLUTE
    ../clib/angel/boardlib.s                 0x00000000   Number         0  boardinit1.o ABSOLUTE
    ../clib/angel/handlers.s                 0x00000000   Number         0  __scatter_zi.o ABSOLUTE
    ../clib/angel/kernel.s                   0x00000000   Number         0  rtexit.o ABSOLUTE
    ../clib/angel/kernel.s                   0x00000000   Number         0  rtexit2.o ABSOLUTE
    ../clib/angel/kernel.s                   0x00000000   Number         0  __rtentry4.o ABSOLUTE
    ../clib/angel/kernel.s                   0x00000000   Number         0  __rtentry.o ABSOLUTE
    ../clib/angel/kernel.s                   0x00000000   Number         0  __rtentry2.o ABSOLUTE
    ../clib/angel/rt.s                       0x00000000   Number         0  rt_locale_intlibspace.o ABSOLUTE
    ../clib/angel/rt.s                       0x00000000   Number         0  rt_locale.o ABSOLUTE
    ../clib/angel/rt.s                       0x00000000   Number         0  rt_raise.o ABSOLUTE
    ../clib/angel/rt.s                       0x00000000   Number         0  rt_div0.o ABSOLUTE
    ../clib/angel/rt.s                       0x00000000   Number         0  aeabi_idiv0.o ABSOLUTE
    ../clib/angel/rt.s                       0x00000000   Number         0  aeabi_idiv0_sigfpe.o ABSOLUTE
    ../clib/angel/scatterp.s                 0x00000000   Number         0  __scatter.o ABSOLUTE
    ../clib/angel/startup.s                  0x00000000   Number         0  __main.o ABSOLUTE
    ../clib/angel/sys.s                      0x00000000   Number         0  indicate_semi.o ABSOLUTE
    ../clib/angel/sys.s                      0x00000000   Number         0  libspace.o ABSOLUTE
    ../clib/angel/sys.s                      0x00000000   Number         0  sys_stackheap_outer.o ABSOLUTE
    ../clib/angel/sys.s                      0x00000000   Number         0  tempstk.o ABSOLUTE
    ../clib/angel/sys.s                      0x00000000   Number         0  use_no_semi.o ABSOLUTE
    ../clib/angel/sysapp.c                   0x00000000   Number         0  sys_command.o ABSOLUTE
    ../clib/angel/sysapp.c                   0x00000000   Number         0  sys_wrch.o ABSOLUTE
    ../clib/angel/sysapp.c                   0x00000000   Number         0  sys_exit.o ABSOLUTE
    ../clib/armsys.c                         0x00000000   Number         0  _get_argv_nomalloc.o ABSOLUTE
    ../clib/armsys.c                         0x00000000   Number         0  no_argv.o ABSOLUTE
    ../clib/armsys.c                         0x00000000   Number         0  argv_veneer.o ABSOLUTE
    ../clib/bigflt.c                         0x00000000   Number         0  bigflt0.o ABSOLUTE
    ../clib/btod.c                           0x00000000   Number         0  btod.o ABSOLUTE
    ../clib/division.c                       0x00000000   Number         0  rtudiv10.o ABSOLUTE
    ../clib/division.c                       0x00000000   Number         0  lludiv10.o ABSOLUTE
    ../clib/division.s                       0x00000000   Number         0  aeabi_sdiv.o ABSOLUTE
    ../clib/division.s                       0x00000000   Number         0  aeabi_sdiv_div0.o ABSOLUTE
    ../clib/heapalloc.c                      0x00000000   Number         0  hrguard.o ABSOLUTE
    ../clib/heapaux.c                        0x00000000   Number         0  heapauxi.o ABSOLUTE
    ../clib/libinit.s                        0x00000000   Number         0  libshutdown2.o ABSOLUTE
    ../clib/libinit.s                        0x00000000   Number         0  libinit.o ABSOLUTE
    ../clib/libinit.s                        0x00000000   Number         0  libinit2.o ABSOLUTE
    ../clib/libinit.s                        0x00000000   Number         0  libshutdown.o ABSOLUTE
    ../clib/locale.s                         0x00000000   Number         0  lc_numeric_c.o ABSOLUTE
    ../clib/misc.s                           0x00000000   Number         0  printf_stubs.o ABSOLUTE
    ../clib/printf.c                         0x00000000   Number         0  _printf_dec.o ABSOLUTE
    ../clib/printf.c                         0x00000000   Number         0  __printf_nopercent.o ABSOLUTE
    ../clib/printf.c                         0x00000000   Number         0  __printf_flags.o ABSOLUTE
    ../clib/printf.c                         0x00000000   Number         0  __printf_ss.o ABSOLUTE
    ../clib/printf.c                         0x00000000   Number         0  _printf_fp_infnan.o ABSOLUTE
    ../clib/printf.c                         0x00000000   Number         0  _sputc.o ABSOLUTE
    ../clib/printf.c                         0x00000000   Number         0  __printf_flags_ss.o ABSOLUTE
    ../clib/printf.c                         0x00000000   Number         0  __printf_flags_wp.o ABSOLUTE
    ../clib/printf.c                         0x00000000   Number         0  __printf_ss_wp.o ABSOLUTE
    ../clib/printf.c                         0x00000000   Number         0  __printf_wp.o ABSOLUTE
    ../clib/printf.c                         0x00000000   Number         0  __printf_flags_ss_wp.o ABSOLUTE
    ../clib/printf.c                         0x00000000   Number         0  _printf_intcommon.o ABSOLUTE
    ../clib/printf.c                         0x00000000   Number         0  _printf_fp_dec.o ABSOLUTE
    ../clib/printf.c                         0x00000000   Number         0  __2sprintf.o ABSOLUTE
    ../clib/printf.c                         0x00000000   Number         0  noretval__2sprintf.o ABSOLUTE
    ../clib/printf.c                         0x00000000   Number         0  __printf.o ABSOLUTE
    ../clib/printf.c                         0x00000000   Number         0  _printf_pad.o ABSOLUTE
    ../clib/printf.c                         0x00000000   Number         0  _printf_char_common.o ABSOLUTE
    ../clib/printf_percent.s                 0x00000000   Number         0  _printf_f.o ABSOLUTE
    ../clib/printf_percent.s                 0x00000000   Number         0  _printf_d.o ABSOLUTE
    ../clib/printf_percent.s                 0x00000000   Number         0  _printf_percent.o ABSOLUTE
    ../clib/printf_percent.s                 0x00000000   Number         0  _printf_percent_end.o ABSOLUTE
    ../clib/signal.c                         0x00000000   Number         0  defsig_exit.o ABSOLUTE
    ../clib/signal.c                         0x00000000   Number         0  defsig_general.o ABSOLUTE
    ../clib/signal.c                         0x00000000   Number         0  defsig_abrt_inner.o ABSOLUTE
    ../clib/signal.c                         0x00000000   Number         0  defsig_stak_inner.o ABSOLUTE
    ../clib/signal.c                         0x00000000   Number         0  defsig_rtmem_inner.o ABSOLUTE
    ../clib/signal.c                         0x00000000   Number         0  defsig_fpe_outer.o ABSOLUTE
    ../clib/signal.c                         0x00000000   Number         0  defsig_rtred_inner.o ABSOLUTE
    ../clib/signal.c                         0x00000000   Number         0  defsig_fpe_formal.o ABSOLUTE
    ../clib/signal.c                         0x00000000   Number         0  defsig_cppl_inner.o ABSOLUTE
    ../clib/signal.c                         0x00000000   Number         0  __raise.o ABSOLUTE
    ../clib/signal.c                         0x00000000   Number         0  defsig_fpe_inner.o ABSOLUTE
    ../clib/signal.c                         0x00000000   Number         0  defsig_pvfn_inner.o ABSOLUTE
    ../clib/signal.c                         0x00000000   Number         0  defsig_segv_inner.o ABSOLUTE
    ../clib/signal.c                         0x00000000   Number         0  defsig_rtmem_outer.o ABSOLUTE
    ../clib/signal.c                         0x00000000   Number         0  defsig_rtmem_formal.o ABSOLUTE
    ../clib/signal.c                         0x00000000   Number         0  defsig_other.o ABSOLUTE
    ../clib/signal.s                         0x00000000   Number         0  defsig.o ABSOLUTE
    ../clib/stdlib.c                         0x00000000   Number         0  exit.o ABSOLUTE
    ../clib/string.c                         0x00000000   Number         0  strcmp.o ABSOLUTE
    ../fplib/cfplib/cmpret.c                 0x00000000   Number         0  cmpret.o ABSOLUTE
    ../fplib/cfplib/d2f.c                    0x00000000   Number         0  d2f.o ABSOLUTE
    ../fplib/cfplib/dcmpin.c                 0x00000000   Number         0  dcmpin.o ABSOLUTE
    ../fplib/cfplib/f2d.c                    0x00000000   Number         0  f2d.o ABSOLUTE
    ../fplib/cfplib/fdiv.c                   0x00000000   Number         0  fdiv.o ABSOLUTE
    ../fplib/cfplib/fflt.c                   0x00000000   Number         0  fflti.o ABSOLUTE
    ../fplib/cfplib/fflt.c                   0x00000000   Number         0  dflti.o ABSOLUTE
    ../fplib/cfplib/fpinit.c                 0x00000000   Number         0  fpinit.o ABSOLUTE
    ../fplib/cfplib/ieee_status.c            0x00000000   Number         0  ieee_status.o ABSOLUTE
    ../fplib/cfplib/nan2.c                   0x00000000   Number         0  dnan2.o ABSOLUTE
    ../fplib/cfplib/retnan.c                 0x00000000   Number         0  retnan.o ABSOLUTE
    ../fplib/dleqf6m.s                       0x00000000   Number         0  dlef.o ABSOLUTE
    ../fplib/drleqf6m.s                      0x00000000   Number         0  drlef.o ABSOLUTE
    ../fplib/faddsub6m.s                     0x00000000   Number         0  faddsub.o ABSOLUTE
    ../fplib/fmul6m.s                        0x00000000   Number         0  fmul.o ABSOLUTE
    ../fplib/printf1.s                       0x00000000   Number         0  printf1.o ABSOLUTE
    ../fplib/usenofp.s                       0x00000000   Number         0  usenofp.o ABSOLUTE
    ../mathlib/fpclassify.c                  0x00000000   Number         0  fpclassify.o ABSOLUTE
    ADC.c                                    0x00000000   Number         0  adc.o ABSOLUTE
    ADC.c                                    0x00000000   Number         0  adc.o ABSOLUTE
    RTE\Device\LPC1114FBD48_301\startup_LPC11xx.s 0x00000000   Number         0  startup_lpc11xx.o ABSOLUTE
    RTE\Device\LPC1114FBD48_301\system_LPC11xx.c 0x00000000   Number         0  system_lpc11xx.o ABSOLUTE
    RTE\\Device\\LPC1114FBD48_301\\system_LPC11xx.c 0x00000000   Number         0  system_lpc11xx.o ABSOLUTE
    UART.c                                   0x00000000   Number         0  uart.o ABSOLUTE
    UART.c                                   0x00000000   Number         0  uart.o ABSOLUTE
    dc.s                                     0x00000000   Number         0  dc.o ABSOLUTE
    delay.c                                  0x00000000   Number         0  delay.o ABSOLUTE
    delay.c                                  0x00000000   Number         0  delay.o ABSOLUTE
    key.c                                    0x00000000   Number         0  key.o ABSOLUTE
    key.c                                    0x00000000   Number         0  key.o ABSOLUTE
    main.c                                   0x00000000   Number         0  main.o ABSOLUTE
    main.c                                   0x00000000   Number         0  main.o ABSOLUTE
    oled.c                                   0x00000000   Number         0  oled.o ABSOLUTE
    oled.c                                   0x00000000   Number         0  oled.o ABSOLUTE
    ui.c                                     0x00000000   Number         0  ui.o ABSOLUTE
    ui.c                                     0x00000000   Number         0  ui.o ABSOLUTE
    !!!main                                  0x000000c0   Section        8  __main.o(!!!main)
    !!!scatter                               0x000000c8   Section       60  __scatter.o(!!!scatter)
    !!handler_zi                             0x00000104   Section       28  __scatter_zi.o(!!handler_zi)
    .ARM.Collect$$_printf_percent$$00000000  0x00000120   Section        2  _printf_percent.o(.ARM.Collect$$_printf_percent$$00000000)
    .ARM.Collect$$_printf_percent$$00000003  0x00000122   Section       10  _printf_f.o(.ARM.Collect$$_printf_percent$$00000003)
    .ARM.Collect$$_printf_percent$$00000009  0x0000012c   Section       10  _printf_d.o(.ARM.Collect$$_printf_percent$$00000009)
    .ARM.Collect$$_printf_percent$$00000017  0x00000136   Section        4  _printf_percent_end.o(.ARM.Collect$$_printf_percent$$00000017)
    .ARM.Collect$$libinit$$00000000          0x0000013a   Section        2  libinit.o(.ARM.Collect$$libinit$$00000000)
    .ARM.Collect$$libinit$$00000002          0x0000013c   Section        0  libinit2.o(.ARM.Collect$$libinit$$00000002)
    .ARM.Collect$$libinit$$00000004          0x0000013c   Section        0  libinit2.o(.ARM.Collect$$libinit$$00000004)
    .ARM.Collect$$libinit$$0000000A          0x0000013c   Section        0  libinit2.o(.ARM.Collect$$libinit$$0000000A)
    .ARM.Collect$$libinit$$0000000C          0x0000013c   Section        0  libinit2.o(.ARM.Collect$$libinit$$0000000C)
    .ARM.Collect$$libinit$$0000000E          0x0000013c   Section        0  libinit2.o(.ARM.Collect$$libinit$$0000000E)
    .ARM.Collect$$libinit$$0000000F          0x0000013c   Section        6  libinit2.o(.ARM.Collect$$libinit$$0000000F)
    .ARM.Collect$$libinit$$00000011          0x00000142   Section        0  libinit2.o(.ARM.Collect$$libinit$$00000011)
    .ARM.Collect$$libinit$$00000013          0x00000142   Section        0  libinit2.o(.ARM.Collect$$libinit$$00000013)
    .ARM.Collect$$libinit$$00000015          0x00000142   Section        0  libinit2.o(.ARM.Collect$$libinit$$00000015)
    .ARM.Collect$$libinit$$00000016          0x00000142   Section       10  libinit2.o(.ARM.Collect$$libinit$$00000016)
    .ARM.Collect$$libinit$$00000017          0x0000014c   Section        0  libinit2.o(.ARM.Collect$$libinit$$00000017)
    .ARM.Collect$$libinit$$00000019          0x0000014c   Section        0  libinit2.o(.ARM.Collect$$libinit$$00000019)
    .ARM.Collect$$libinit$$0000001B          0x0000014c   Section        0  libinit2.o(.ARM.Collect$$libinit$$0000001B)
    .ARM.Collect$$libinit$$0000001D          0x0000014c   Section        0  libinit2.o(.ARM.Collect$$libinit$$0000001D)
    .ARM.Collect$$libinit$$0000001F          0x0000014c   Section        0  libinit2.o(.ARM.Collect$$libinit$$0000001F)
    .ARM.Collect$$libinit$$00000021          0x0000014c   Section        0  libinit2.o(.ARM.Collect$$libinit$$00000021)
    .ARM.Collect$$libinit$$00000023          0x0000014c   Section        0  libinit2.o(.ARM.Collect$$libinit$$00000023)
    .ARM.Collect$$libinit$$00000025          0x0000014c   Section        0  libinit2.o(.ARM.Collect$$libinit$$00000025)
    .ARM.Collect$$libinit$$0000002C          0x0000014c   Section        0  libinit2.o(.ARM.Collect$$libinit$$0000002C)
    .ARM.Collect$$libinit$$0000002E          0x0000014c   Section        0  libinit2.o(.ARM.Collect$$libinit$$0000002E)
    .ARM.Collect$$libinit$$00000030          0x0000014c   Section        0  libinit2.o(.ARM.Collect$$libinit$$00000030)
    .ARM.Collect$$libinit$$00000032          0x0000014c   Section        0  libinit2.o(.ARM.Collect$$libinit$$00000032)
    .ARM.Collect$$libinit$$00000033          0x0000014c   Section        2  libinit2.o(.ARM.Collect$$libinit$$00000033)
    .ARM.Collect$$libshutdown$$00000000      0x0000014e   Section        2  libshutdown.o(.ARM.Collect$$libshutdown$$00000000)
    .ARM.Collect$$libshutdown$$00000002      0x00000150   Section        0  libshutdown2.o(.ARM.Collect$$libshutdown$$00000002)
    .ARM.Collect$$libshutdown$$00000004      0x00000150   Section        0  libshutdown2.o(.ARM.Collect$$libshutdown$$00000004)
    .ARM.Collect$$libshutdown$$00000007      0x00000150   Section        0  libshutdown2.o(.ARM.Collect$$libshutdown$$00000007)
    .ARM.Collect$$libshutdown$$0000000A      0x00000150   Section        0  libshutdown2.o(.ARM.Collect$$libshutdown$$0000000A)
    .ARM.Collect$$libshutdown$$0000000C      0x00000150   Section        0  libshutdown2.o(.ARM.Collect$$libshutdown$$0000000C)
    .ARM.Collect$$libshutdown$$0000000F      0x00000150   Section        0  libshutdown2.o(.ARM.Collect$$libshutdown$$0000000F)
    .ARM.Collect$$libshutdown$$00000010      0x00000150   Section        2  libshutdown2.o(.ARM.Collect$$libshutdown$$00000010)
    .ARM.Collect$$rtentry$$00000000          0x00000152   Section        0  __rtentry.o(.ARM.Collect$$rtentry$$00000000)
    .ARM.Collect$$rtentry$$00000002          0x00000152   Section        0  __rtentry2.o(.ARM.Collect$$rtentry$$00000002)
    .ARM.Collect$$rtentry$$00000004          0x00000152   Section        6  __rtentry4.o(.ARM.Collect$$rtentry$$00000004)
    .ARM.Collect$$rtentry$$00000009          0x00000158   Section        0  __rtentry2.o(.ARM.Collect$$rtentry$$00000009)
    .ARM.Collect$$rtentry$$0000000A          0x00000158   Section        4  __rtentry2.o(.ARM.Collect$$rtentry$$0000000A)
    .ARM.Collect$$rtentry$$0000000C          0x0000015c   Section        0  __rtentry2.o(.ARM.Collect$$rtentry$$0000000C)
    .ARM.Collect$$rtentry$$0000000D          0x0000015c   Section        8  __rtentry2.o(.ARM.Collect$$rtentry$$0000000D)
    .ARM.Collect$$rtexit$$00000000           0x00000164   Section        2  rtexit.o(.ARM.Collect$$rtexit$$00000000)
    .ARM.Collect$$rtexit$$00000002           0x00000166   Section        0  rtexit2.o(.ARM.Collect$$rtexit$$00000002)
    .ARM.Collect$$rtexit$$00000003           0x00000166   Section        4  rtexit2.o(.ARM.Collect$$rtexit$$00000003)
    .ARM.Collect$$rtexit$$00000004           0x0000016a   Section        6  rtexit2.o(.ARM.Collect$$rtexit$$00000004)
    .text                                    0x00000170   Section       52  startup_lpc11xx.o(.text)
    .text                                    0x000001a4   Section        0  noretval__2sprintf.o(.text)
    .text                                    0x000001cc   Section        0  _printf_pad.o(.text)
    .text                                    0x0000021c   Section        0  _printf_dec.o(.text)
    .text                                    0x00000288   Section        0  heapauxi.o(.text)
    .text                                    0x0000028e   Section        0  dflti.o(.text)
    .text                                    0x000002e6   Section        0  _sputc.o(.text)
    .text                                    0x000002f0   Section        8  rt_locale_intlibspace.o(.text)
    .text                                    0x000002f8   Section        2  use_no_semi.o(.text)
    .text                                    0x000002fa   Section        0  indicate_semi.o(.text)
    x$fpl$usenofp                            0x000002fa   Section        0  usenofp.o(x$fpl$usenofp)
    .ARM.__at_0x02FC                         0x000002fc   Section        4  startup_lpc11xx.o(.ARM.__at_0x02FC)
    .text                                    0x00000300   Section        0  __printf_wp.o(.text)
    .text                                    0x0000040e   Section      346  aeabi_sdiv.o(.text)
    .text                                    0x00000568   Section        0  d2f.o(.text)
    .text                                    0x000005e4   Section        0  f2d.o(.text)
    .text                                    0x00000638   Section        0  fdiv.o(.text)
    .text                                    0x00000798   Section        0  fflti.o(.text)
    .text                                    0x000007f6   Section        0  _printf_intcommon.o(.text)
    .text                                    0x000008a8   Section        0  _printf_fp_dec.o(.text)
    _fp_digits                               0x000008ab   Thumb Code   408  _printf_fp_dec.o(.text)
    .text                                    0x00000cbc   Section        0  _printf_char_common.o(.text)
    _printf_input_char                       0x00000cbd   Thumb Code    10  _printf_char_common.o(.text)
    .text                                    0x00000cec   Section        0  rtudiv10.o(.text)
    .text                                    0x00000d14   Section        0  dcmpin.o(.text)
    .text                                    0x00000da4   Section        0  lludiv10.o(.text)
    .text                                    0x00000e20   Section        0  _printf_fp_infnan.o(.text)
    .text                                    0x00000ea8   Section        0  bigflt0.o(.text)
    .text                                    0x00000f70   Section        0  btod.o(.text)
    btod_internal_mul                        0x00000fb1   Thumb Code   456  btod.o(.text)
    btod_internal_div                        0x00001179   Thumb Code   494  btod.o(.text)
    .text                                    0x00001418   Section        0  cmpret.o(.text)
    .text                                    0x00001448   Section        0  dnan2.o(.text)
    .text                                    0x0000145c   Section        8  libspace.o(.text)
    .text                                    0x00001464   Section       62  sys_stackheap_outer.o(.text)
    .text                                    0x000014a2   Section        0  exit.o(.text)
    .text                                    0x000014b4   Section        0  strcmp.o(.text)
    .text                                    0x0000153c   Section        0  retnan.o(.text)
    .text                                    0x0000159c   Section        0  sys_exit.o(.text)
    .text                                    0x000015a8   Section        0  __dczerorl2.o(.text)
    i.ADC_Init                               0x00001600   Section        0  adc.o(i.ADC_Init)
    i.ADC_read                               0x00001674   Section        0  adc.o(i.ADC_read)
    i.CaculTwoPoint                          0x00001954   Section        0  adc.o(i.CaculTwoPoint)
    i.OLED_CLS                               0x00001998   Section        0  oled.o(i.OLED_CLS)
    i.OLED_Fill                              0x000019d0   Section        0  oled.o(i.OLED_Fill)
    i.OLED_Init                              0x00001a0c   Section        0  oled.o(i.OLED_Init)
    i.OLED_P14x16Str                         0x00001b34   Section        0  oled.o(i.OLED_P14x16Str)
    i.OLED_P6x8Str                           0x00001c30   Section        0  oled.o(i.OLED_P6x8Str)
    i.OLED_Print                             0x00001c90   Section        0  oled.o(i.OLED_Print)
    i.OLED_PrintNum                          0x00001cf0   Section        0  oled.o(i.OLED_PrintNum)
    i.OLED_Set_Pos                           0x00001d18   Section        0  oled.o(i.OLED_Set_Pos)
    i.OLED_WrCmd                             0x00001d48   Section        0  oled.o(i.OLED_WrCmd)
    i.OLED_WrDat                             0x00001db4   Section        0  oled.o(i.OLED_WrDat)
    i.PIOINT3_IRQHandler                     0x00001e20   Section        0  key.o(i.PIOINT3_IRQHandler)
    i.SystemInit                             0x00001f5c   Section        0  system_lpc11xx.o(i.SystemInit)
    i.UART_Init                              0x00001ffc   Section        0  uart.o(i.UART_Init)
    i.UART_SendByte                          0x000020bc   Section        0  uart.o(i.UART_SendByte)
    i.UART_SendStr                           0x000020d4   Section        0  uart.o(i.UART_SendStr)
    i.UI                                     0x000020f0   Section        0  ui.o(i.UI)
    i.__ARM_common_ll_muluu                  0x000022d8   Section        0  btod.o(i.__ARM_common_ll_muluu)
    i.__ARM_common_switch8                   0x00002308   Section        0  ui.o(i.__ARM_common_switch8)
    i.__ARM_fpclassify                       0x00002324   Section        0  fpclassify.o(i.__ARM_fpclassify)
    i._is_digit                              0x00002350   Section        0  __printf_wp.o(i._is_digit)
    i.delay                                  0x00002360   Section        0  delay.o(i.delay)
    i.key_init                               0x00002384   Section        0  key.o(i.key_init)
    i.main                                   0x000023b4   Section        0  main.o(i.main)
    i.printscreen                            0x000023cc   Section        0  ui.o(i.printscreen)
    locale$$code                             0x00002460   Section       44  lc_numeric_c.o(locale$$code)
    x$fpl$dleqf                              0x0000248c   Section      100  dlef.o(x$fpl$dleqf)
    x$fpl$drleqf                             0x000024f0   Section      104  drlef.o(x$fpl$drleqf)
    x$fpl$fadd                               0x00002558   Section      140  faddsub.o(x$fpl$fadd)
    _fadd1                                   0x00002565   Thumb Code     0  faddsub.o(x$fpl$fadd)
    x$fpl$fmul                               0x000025e4   Section      176  fmul.o(x$fpl$fmul)
    x$fpl$frsb                               0x00002694   Section       24  faddsub.o(x$fpl$frsb)
    x$fpl$fsub                               0x000026ac   Section      208  faddsub.o(x$fpl$fsub)
    _fsub1                                   0x000026b9   Thumb Code     0  faddsub.o(x$fpl$fsub)
    x$fpl$printf1                            0x0000277c   Section       16  printf1.o(x$fpl$printf1)
    .constdata                               0x0000278c   Section     2373  oled.o(.constdata)
    .constdata                               0x000030d1   Section       64  fdiv.o(.constdata)
    fdiv_tab                                 0x000030d1   Data          64  fdiv.o(.constdata)
    .constdata                               0x00003114   Section      148  bigflt0.o(.constdata)
    tenpwrs_x                                0x00003114   Data          60  bigflt0.o(.constdata)
    tenpwrs_i                                0x00003150   Data          64  bigflt0.o(.constdata)
    locale$$data                             0x000031c8   Section       28  lc_numeric_c.o(locale$$data)
    __lcnum_c_name                           0x000031cc   Data           2  lc_numeric_c.o(locale$$data)
    __lcnum_c_start                          0x000031d4   Data           0  lc_numeric_c.o(locale$$data)
    __lcnum_c_point                          0x000031e0   Data           0  lc_numeric_c.o(locale$$data)
    __lcnum_c_thousands                      0x000031e2   Data           0  lc_numeric_c.o(locale$$data)
    __lcnum_c_grouping                       0x000031e3   Data           0  lc_numeric_c.o(locale$$data)
    __lcnum_c_end                            0x000031e4   Data           0  lc_numeric_c.o(locale$$data)
    .data                                    0x10000000   Section        8  key.o(.data)
    .data                                    0x10000008   Section     1641  ui.o(.data)
    scr                                      0x10000013   Data        1630  ui.o(.data)
    .data                                    0x10000678   Section     1220  adc.o(.data)
    .data                                    0x10000b3c   Section        4  system_lpc11xx.o(.data)
    .bss                                     0x10000b40   Section       20  adc.o(.bss)
    .bss                                     0x10000b54   Section       96  libspace.o(.bss)
    HEAP                                     0x10000bb8   Section        0  startup_lpc11xx.o(HEAP)
    STACK                                    0x10000bb8   Section      512  startup_lpc11xx.o(STACK)
    Heap_Mem                                 0x10000bb8   Data           0  startup_lpc11xx.o(HEAP)
    Stack_Mem                                0x10000bb8   Data         512  startup_lpc11xx.o(STACK)
    __initial_sp                             0x10000db8   Data           0  startup_lpc11xx.o(STACK)

    Global Symbols

    Symbol Name                              Value     Ov Type        Size  Object(Section)

    BuildAttributes$$THM_ISAv3M$S$PE$A:L22$X:L11$S22$IEEE1$IW$USESV6$~STKCKD$USESV7$~SHL$OTIME$ROPI$IEEEJ$EBA8$UX$STANDARDLIB$REQ8$PRES8$EABIv2 0x00000000   Number         0  anon$$obj.o ABSOLUTE
    __ARM_use_no_argv                        0x00000000   Number         0  main.o ABSOLUTE
    __Vectors                                0x00000000   Data           4  startup_lpc11xx.o(RESET)
    _printf_flags                            0x00000000   Number         0  printf_stubs.o ABSOLUTE
    _printf_return_value                     0x00000000   Number         0  printf_stubs.o ABSOLUTE
    _printf_sizespec                         0x00000000   Number         0  printf_stubs.o ABSOLUTE
    _printf_widthprec                        0x00000000   Number         0  printf_stubs.o ABSOLUTE
    __ARM_exceptions_init                     - Undefined Weak Reference
    __alloca_initialize                       - Undefined Weak Reference
    __arm_preinit_                            - Undefined Weak Reference
    __cpp_initialize__aeabi_                  - Undefined Weak Reference
    __cxa_finalize                            - Undefined Weak Reference
    __sigvec_lookup                           - Undefined Weak Reference
    _atexit_init                              - Undefined Weak Reference
    _call_atexit_fns                          - Undefined Weak Reference
    _clock_init                               - Undefined Weak Reference
    _fp_trap_init                             - Undefined Weak Reference
    _fp_trap_shutdown                         - Undefined Weak Reference
    _get_lc_collate                           - Undefined Weak Reference
    _get_lc_ctype                             - Undefined Weak Reference
    _get_lc_monetary                          - Undefined Weak Reference
    _get_lc_time                              - Undefined Weak Reference
    _getenv_init                              - Undefined Weak Reference
    _handle_redirection                       - Undefined Weak Reference
    _init_alloc                               - Undefined Weak Reference
    _init_user_alloc                          - Undefined Weak Reference
    _initio                                   - Undefined Weak Reference
    _printf_truncate_signed                   - Undefined Weak Reference
    _printf_truncate_unsigned                 - Undefined Weak Reference
    _rand_init                                - Undefined Weak Reference
    _signal_finish                            - Undefined Weak Reference
    _signal_init                              - Undefined Weak Reference
    _terminate_alloc                          - Undefined Weak Reference
    _terminate_user_alloc                     - Undefined Weak Reference
    _terminateio                              - Undefined Weak Reference
    __main                                   0x000000c1   Thumb Code     8  __main.o(!!!main)
    __scatterload                            0x000000c9   Thumb Code     0  __scatter.o(!!!scatter)
    __scatterload_rt2                        0x000000c9   Thumb Code    52  __scatter.o(!!!scatter)
    __scatterload_rt2_thumb_only             0x000000c9   Thumb Code     0  __scatter.o(!!!scatter)
    __scatterload_null                       0x000000d9   Thumb Code     0  __scatter.o(!!!scatter)
    __scatterload_zeroinit                   0x00000105   Thumb Code    28  __scatter_zi.o(!!handler_zi)
    _printf_percent                          0x00000121   Thumb Code     0  _printf_percent.o(.ARM.Collect$$_printf_percent$$00000000)
    _printf_f                                0x00000123   Thumb Code     0  _printf_f.o(.ARM.Collect$$_printf_percent$$00000003)
    _printf_d                                0x0000012d   Thumb Code     0  _printf_d.o(.ARM.Collect$$_printf_percent$$00000009)
    _printf_percent_end                      0x00000137   Thumb Code     0  _printf_percent_end.o(.ARM.Collect$$_printf_percent$$00000017)
    __rt_lib_init                            0x0000013b   Thumb Code     0  libinit.o(.ARM.Collect$$libinit$$00000000)
    __rt_lib_init_fp_1                       0x0000013d   Thumb Code     0  libinit2.o(.ARM.Collect$$libinit$$00000002)
    __rt_lib_init_heap_1                     0x0000013d   Thumb Code     0  libinit2.o(.ARM.Collect$$libinit$$0000000A)
    __rt_lib_init_lc_common                  0x0000013d   Thumb Code     0  libinit2.o(.ARM.Collect$$libinit$$0000000F)
    __rt_lib_init_preinit_1                  0x0000013d   Thumb Code     0  libinit2.o(.ARM.Collect$$libinit$$00000004)
    __rt_lib_init_rand_1                     0x0000013d   Thumb Code     0  libinit2.o(.ARM.Collect$$libinit$$0000000E)
    __rt_lib_init_user_alloc_1               0x0000013d   Thumb Code     0  libinit2.o(.ARM.Collect$$libinit$$0000000C)
    __rt_lib_init_lc_collate_1               0x00000143   Thumb Code     0  libinit2.o(.ARM.Collect$$libinit$$00000011)
    __rt_lib_init_lc_ctype_1                 0x00000143   Thumb Code     0  libinit2.o(.ARM.Collect$$libinit$$00000013)
    __rt_lib_init_lc_monetary_1              0x00000143   Thumb Code     0  libinit2.o(.ARM.Collect$$libinit$$00000015)
    __rt_lib_init_lc_numeric_2               0x00000143   Thumb Code     0  libinit2.o(.ARM.Collect$$libinit$$00000016)
    __rt_lib_init_alloca_1                   0x0000014d   Thumb Code     0  libinit2.o(.ARM.Collect$$libinit$$0000002E)
    __rt_lib_init_argv_1                     0x0000014d   Thumb Code     0  libinit2.o(.ARM.Collect$$libinit$$0000002C)
    __rt_lib_init_atexit_1                   0x0000014d   Thumb Code     0  libinit2.o(.ARM.Collect$$libinit$$0000001B)
    __rt_lib_init_clock_1                    0x0000014d   Thumb Code     0  libinit2.o(.ARM.Collect$$libinit$$00000021)
    __rt_lib_init_cpp_1                      0x0000014d   Thumb Code     0  libinit2.o(.ARM.Collect$$libinit$$00000032)
    __rt_lib_init_exceptions_1               0x0000014d   Thumb Code     0  libinit2.o(.ARM.Collect$$libinit$$00000030)
    __rt_lib_init_fp_trap_1                  0x0000014d   Thumb Code     0  libinit2.o(.ARM.Collect$$libinit$$0000001F)
    __rt_lib_init_getenv_1                   0x0000014d   Thumb Code     0  libinit2.o(.ARM.Collect$$libinit$$00000023)
    __rt_lib_init_lc_numeric_1               0x0000014d   Thumb Code     0  libinit2.o(.ARM.Collect$$libinit$$00000017)
    __rt_lib_init_lc_time_1                  0x0000014d   Thumb Code     0  libinit2.o(.ARM.Collect$$libinit$$00000019)
    __rt_lib_init_return                     0x0000014d   Thumb Code     0  libinit2.o(.ARM.Collect$$libinit$$00000033)
    __rt_lib_init_signal_1                   0x0000014d   Thumb Code     0  libinit2.o(.ARM.Collect$$libinit$$0000001D)
    __rt_lib_init_stdio_1                    0x0000014d   Thumb Code     0  libinit2.o(.ARM.Collect$$libinit$$00000025)
    __rt_lib_shutdown                        0x0000014f   Thumb Code     0  libshutdown.o(.ARM.Collect$$libshutdown$$00000000)
    __rt_lib_shutdown_cpp_1                  0x00000151   Thumb Code     0  libshutdown2.o(.ARM.Collect$$libshutdown$$00000002)
    __rt_lib_shutdown_fp_trap_1              0x00000151   Thumb Code     0  libshutdown2.o(.ARM.Collect$$libshutdown$$00000007)
    __rt_lib_shutdown_heap_1                 0x00000151   Thumb Code     0  libshutdown2.o(.ARM.Collect$$libshutdown$$0000000F)
    __rt_lib_shutdown_return                 0x00000151   Thumb Code     0  libshutdown2.o(.ARM.Collect$$libshutdown$$00000010)
    __rt_lib_shutdown_signal_1               0x00000151   Thumb Code     0  libshutdown2.o(.ARM.Collect$$libshutdown$$0000000A)
    __rt_lib_shutdown_stdio_1                0x00000151   Thumb Code     0  libshutdown2.o(.ARM.Collect$$libshutdown$$00000004)
    __rt_lib_shutdown_user_alloc_1           0x00000151   Thumb Code     0  libshutdown2.o(.ARM.Collect$$libshutdown$$0000000C)
    __rt_entry                               0x00000153   Thumb Code     0  __rtentry.o(.ARM.Collect$$rtentry$$00000000)
    __rt_entry_presh_1                       0x00000153   Thumb Code     0  __rtentry2.o(.ARM.Collect$$rtentry$$00000002)
    __rt_entry_sh                            0x00000153   Thumb Code     0  __rtentry4.o(.ARM.Collect$$rtentry$$00000004)
    __rt_entry_li                            0x00000159   Thumb Code     0  __rtentry2.o(.ARM.Collect$$rtentry$$0000000A)
    __rt_entry_postsh_1                      0x00000159   Thumb Code     0  __rtentry2.o(.ARM.Collect$$rtentry$$00000009)
    __rt_entry_main                          0x0000015d   Thumb Code     0  __rtentry2.o(.ARM.Collect$$rtentry$$0000000D)
    __rt_entry_postli_1                      0x0000015d   Thumb Code     0  __rtentry2.o(.ARM.Collect$$rtentry$$0000000C)
    __rt_exit                                0x00000165   Thumb Code     0  rtexit.o(.ARM.Collect$$rtexit$$00000000)
    __rt_exit_ls                             0x00000167   Thumb Code     0  rtexit2.o(.ARM.Collect$$rtexit$$00000003)
    __rt_exit_prels_1                        0x00000167   Thumb Code     0  rtexit2.o(.ARM.Collect$$rtexit$$00000002)
    __rt_exit_exit                           0x0000016b   Thumb Code     0  rtexit2.o(.ARM.Collect$$rtexit$$00000004)
    Reset_Handler                            0x00000171   Thumb Code     8  startup_lpc11xx.o(.text)
    NMI_Handler                              0x00000179   Thumb Code     2  startup_lpc11xx.o(.text)
    HardFault_Handler                        0x0000017b   Thumb Code     2  startup_lpc11xx.o(.text)
    SVC_Handler                              0x0000017d   Thumb Code     2  startup_lpc11xx.o(.text)
    PendSV_Handler                           0x0000017f   Thumb Code     2  startup_lpc11xx.o(.text)
    SysTick_Handler                          0x00000181   Thumb Code     2  startup_lpc11xx.o(.text)
    ADC_IRQHandler                           0x00000183   Thumb Code     0  startup_lpc11xx.o(.text)
    BOD_IRQHandler                           0x00000183   Thumb Code     0  startup_lpc11xx.o(.text)
    CAN_IRQHandler                           0x00000183   Thumb Code     0  startup_lpc11xx.o(.text)
    FMC_IRQHandler                           0x00000183   Thumb Code     0  startup_lpc11xx.o(.text)
    I2C_IRQHandler                           0x00000183   Thumb Code     0  startup_lpc11xx.o(.text)
    PIOINT0_IRQHandler                       0x00000183   Thumb Code     0  startup_lpc11xx.o(.text)
    PIOINT1_IRQHandler                       0x00000183   Thumb Code     0  startup_lpc11xx.o(.text)
    PIOINT2_IRQHandler                       0x00000183   Thumb Code     0  startup_lpc11xx.o(.text)
    SSP0_IRQHandler                          0x00000183   Thumb Code     0  startup_lpc11xx.o(.text)
    SSP1_IRQHandler                          0x00000183   Thumb Code     0  startup_lpc11xx.o(.text)
    TIMER16_0_IRQHandler                     0x00000183   Thumb Code     0  startup_lpc11xx.o(.text)
    TIMER16_1_IRQHandler                     0x00000183   Thumb Code     0  startup_lpc11xx.o(.text)
    TIMER32_0_IRQHandler                     0x00000183   Thumb Code     0  startup_lpc11xx.o(.text)
    TIMER32_1_IRQHandler                     0x00000183   Thumb Code     0  startup_lpc11xx.o(.text)
    UART_IRQHandler                          0x00000183   Thumb Code     0  startup_lpc11xx.o(.text)
    USB_FIQHandler                           0x00000183   Thumb Code     0  startup_lpc11xx.o(.text)
    USB_IRQHandler                           0x00000183   Thumb Code     0  startup_lpc11xx.o(.text)
    WAKEUP_IRQHandler                        0x00000183   Thumb Code     0  startup_lpc11xx.o(.text)
    WDT_IRQHandler                           0x00000183   Thumb Code     0  startup_lpc11xx.o(.text)
    __user_initial_stackheap                 0x00000185   Thumb Code     0  startup_lpc11xx.o(.text)
    __2sprintf                               0x000001a5   Thumb Code    36  noretval__2sprintf.o(.text)
    _printf_pre_padding                      0x000001cd   Thumb Code    44  _printf_pad.o(.text)
    _printf_post_padding                     0x000001f9   Thumb Code    34  _printf_pad.o(.text)
    _printf_int_dec                          0x0000021d   Thumb Code    90  _printf_dec.o(.text)
    __use_two_region_memory                  0x00000289   Thumb Code     2  heapauxi.o(.text)
    __rt_heap_escrow$2region                 0x0000028b   Thumb Code     2  heapauxi.o(.text)
    __rt_heap_expand$2region                 0x0000028d   Thumb Code     2  heapauxi.o(.text)
    __aeabi_i2d_normalise                    0x0000028f   Thumb Code    66  dflti.o(.text)
    __aeabi_i2d                              0x000002d1   Thumb Code    16  dflti.o(.text)
    _dflt                                    0x000002d1   Thumb Code     0  dflti.o(.text)
    __aeabi_ui2d                             0x000002e1   Thumb Code     6  dflti.o(.text)
    _dfltu                                   0x000002e1   Thumb Code     0  dflti.o(.text)
    _sputc                                   0x000002e7   Thumb Code    10  _sputc.o(.text)
    __rt_locale                              0x000002f1   Thumb Code     8  rt_locale_intlibspace.o(.text)
    __I$use$semihosting                      0x000002f9   Thumb Code     0  use_no_semi.o(.text)
    __use_no_semihosting_swi                 0x000002f9   Thumb Code     2  use_no_semi.o(.text)
    __I$use$fp                               0x000002fa   Number         0  usenofp.o(x$fpl$usenofp)
    __semihosting_library_function           0x000002fb   Thumb Code     0  indicate_semi.o(.text)
    __printf                                 0x00000301   Thumb Code   270  __printf_wp.o(.text)
    __aeabi_uidiv                            0x0000040f   Thumb Code     0  aeabi_sdiv.o(.text)
    __aeabi_uidivmod                         0x0000040f   Thumb Code    20  aeabi_sdiv.o(.text)
    __aeabi_idiv                             0x00000423   Thumb Code     0  aeabi_sdiv.o(.text)
    __aeabi_idivmod                          0x00000423   Thumb Code   326  aeabi_sdiv.o(.text)
    __aeabi_d2f                              0x00000569   Thumb Code     0  d2f.o(.text)
    _d2f                                     0x00000569   Thumb Code   120  d2f.o(.text)
    __aeabi_f2d                              0x000005e5   Thumb Code     0  f2d.o(.text)
    _f2d                                     0x000005e5   Thumb Code    80  f2d.o(.text)
    __aeabi_fdiv                             0x00000639   Thumb Code     0  fdiv.o(.text)
    _fdiv                                    0x00000639   Thumb Code   334  fdiv.o(.text)
    _frdiv                                   0x00000787   Thumb Code     8  fdiv.o(.text)
    __aeabi_i2f_normalise                    0x00000799   Thumb Code    72  fflti.o(.text)
    __aeabi_i2f                              0x000007e1   Thumb Code    16  fflti.o(.text)
    _fflt                                    0x000007e1   Thumb Code     0  fflti.o(.text)
    __aeabi_ui2f                             0x000007f1   Thumb Code     6  fflti.o(.text)
    _ffltu                                   0x000007f1   Thumb Code     0  fflti.o(.text)
    _printf_int_common                       0x000007f7   Thumb Code   176  _printf_intcommon.o(.text)
    __lib_sel_fp_printf                      0x000008a9   Thumb Code     2  _printf_fp_dec.o(.text)
    _printf_fp_dec_real                      0x00000a43   Thumb Code   620  _printf_fp_dec.o(.text)
    _printf_char_common                      0x00000cc7   Thumb Code    32  _printf_char_common.o(.text)
    __rt_udiv10                              0x00000ced   Thumb Code    40  rtudiv10.o(.text)
    __fpl_dcmp_InfNaN                        0x00000d15   Thumb Code   140  dcmpin.o(.text)
    _ll_udiv10                               0x00000da5   Thumb Code   122  lludiv10.o(.text)
    _printf_fp_infnan                        0x00000e21   Thumb Code   120  _printf_fp_infnan.o(.text)
    _btod_etento                             0x00000ea9   Thumb Code   196  bigflt0.o(.text)
    _btod_d2e                                0x00000f71   Thumb Code    64  btod.o(.text)
    _btod_emul                               0x00001367   Thumb Code    24  btod.o(.text)
    _btod_emuld                              0x0000137f   Thumb Code    60  btod.o(.text)
    _btod_ediv                               0x000013bb   Thumb Code    22  btod.o(.text)
    _btod_edivd                              0x000013d1   Thumb Code    60  btod.o(.text)
    __fpl_cmpreturn                          0x00001419   Thumb Code    46  cmpret.o(.text)
    __fpl_dcheck_NaN2                        0x00001449   Thumb Code    14  dnan2.o(.text)
    __user_libspace                          0x0000145d   Thumb Code     8  libspace.o(.text)
    __user_perproc_libspace                  0x0000145d   Thumb Code     0  libspace.o(.text)
    __user_perthread_libspace                0x0000145d   Thumb Code     0  libspace.o(.text)
    __user_setup_stackheap                   0x00001465   Thumb Code    62  sys_stackheap_outer.o(.text)
    exit                                     0x000014a3   Thumb Code    16  exit.o(.text)
    strcmp                                   0x000014b5   Thumb Code   132  strcmp.o(.text)
    __fpl_return_NaN                         0x0000153d   Thumb Code    94  retnan.o(.text)
    _sys_exit                                0x0000159d   Thumb Code     8  sys_exit.o(.text)
    __decompress                             0x000015a9   Thumb Code     0  __dczerorl2.o(.text)
    __decompress1                            0x000015a9   Thumb Code    86  __dczerorl2.o(.text)
    ADC_Init                                 0x00001601   Thumb Code    90  adc.o(i.ADC_Init)
    ADC_read                                 0x00001675   Thumb Code   648  adc.o(i.ADC_read)
    CaculTwoPoint                            0x00001955   Thumb Code    68  adc.o(i.CaculTwoPoint)
    OLED_CLS                                 0x00001999   Thumb Code    56  oled.o(i.OLED_CLS)
    OLED_Fill                                0x000019d1   Thumb Code    58  oled.o(i.OLED_Fill)
    OLED_Init                                0x00001a0d   Thumb Code   282  oled.o(i.OLED_Init)
    OLED_P14x16Str                           0x00001b35   Thumb Code   242  oled.o(i.OLED_P14x16Str)
    OLED_P6x8Str                             0x00001c31   Thumb Code    92  oled.o(i.OLED_P6x8Str)
    OLED_Print                               0x00001c91   Thumb Code    96  oled.o(i.OLED_Print)
    OLED_PrintNum                            0x00001cf1   Thumb Code    34  oled.o(i.OLED_PrintNum)
    OLED_Set_Pos                             0x00001d19   Thumb Code    46  oled.o(i.OLED_Set_Pos)
    OLED_WrCmd                               0x00001d49   Thumb Code   102  oled.o(i.OLED_WrCmd)
    OLED_WrDat                               0x00001db5   Thumb Code   102  oled.o(i.OLED_WrDat)
    PIOINT3_IRQHandler                       0x00001e21   Thumb Code   300  key.o(i.PIOINT3_IRQHandler)
    SystemInit                               0x00001f5d   Thumb Code   150  system_lpc11xx.o(i.SystemInit)
    UART_Init                                0x00001ffd   Thumb Code   174  uart.o(i.UART_Init)
    UART_SendByte                            0x000020bd   Thumb Code    20  uart.o(i.UART_SendByte)
    UART_SendStr                             0x000020d5   Thumb Code    28  uart.o(i.UART_SendStr)
    UI                                       0x000020f1   Thumb Code   420  ui.o(i.UI)
    __ARM_common_ll_muluu                    0x000022d9   Thumb Code    48  btod.o(i.__ARM_common_ll_muluu)
    __ARM_common_switch8                     0x00002309   Thumb Code    28  ui.o(i.__ARM_common_switch8)
    __ARM_fpclassify                         0x00002325   Thumb Code    40  fpclassify.o(i.__ARM_fpclassify)
    _is_digit                                0x00002351   Thumb Code    14  __printf_wp.o(i._is_digit)
    delay                                    0x00002361   Thumb Code    32  delay.o(i.delay)
    key_init                                 0x00002385   Thumb Code    38  key.o(i.key_init)
    main                                     0x000023b5   Thumb Code    24  main.o(i.main)
    printscreen                              0x000023cd   Thumb Code   144  ui.o(i.printscreen)
    _get_lc_numeric                          0x00002461   Thumb Code    44  lc_numeric_c.o(locale$$code)
    __aeabi_cdcmple                          0x0000248d   Thumb Code     0  dlef.o(x$fpl$dleqf)
    _dcmple                                  0x0000248d   Thumb Code    94  dlef.o(x$fpl$dleqf)
    __aeabi_cdrcmple                         0x000024f1   Thumb Code     0  drlef.o(x$fpl$drleqf)
    _drcmple                                 0x000024f1   Thumb Code   100  drlef.o(x$fpl$drleqf)
    __aeabi_fadd                             0x00002559   Thumb Code     0  faddsub.o(x$fpl$fadd)
    _fadd                                    0x00002559   Thumb Code   134  faddsub.o(x$fpl$fadd)
    __aeabi_fmul                             0x000025e5   Thumb Code     0  fmul.o(x$fpl$fmul)
    _fmul                                    0x000025e5   Thumb Code   172  fmul.o(x$fpl$fmul)
    __aeabi_frsub                            0x00002695   Thumb Code     0  faddsub.o(x$fpl$frsb)
    _frsb                                    0x00002695   Thumb Code    24  faddsub.o(x$fpl$frsb)
    __aeabi_fsub                             0x000026ad   Thumb Code     0  faddsub.o(x$fpl$fsub)
    _fsub                                    0x000026ad   Thumb Code   204  faddsub.o(x$fpl$fsub)
    _printf_fp_dec                           0x0000277d   Thumb Code    16  printf1.o(x$fpl$printf1)
    F6x8                                     0x0000278c   Data         552  oled.o(.constdata)
    F14x16_Idx                               0x000029b4   Data          21  oled.o(.constdata)
    F14x16                                   0x000029c9   Data         280  oled.o(.constdata)
    F8X16                                    0x00002ae1   Data        1520  oled.o(.constdata)
    Region$$Table$$Base                      0x000031a8   Number         0  anon$$obj.o(Region$$Table)
    Region$$Table$$Limit                     0x000031c8   Number         0  anon$$obj.o(Region$$Table)
    key_value                                0x10000000   Data           4  key.o(.data)
    key_mode                                 0x10000004   Data           4  key.o(.data)
    Arrow                                    0x10000008   Data           1  ui.o(.data)
    chonum                                   0x10000009   Data           1  ui.o(.data)
    scrnum                                   0x1000000a   Data           1  ui.o(.data)
    AR                                       0x1000000b   Data           4  ui.o(.data)
    AC                                       0x1000000f   Data           4  ui.o(.data)
    NTC_Tem_PR                               0x10000678   Data         444  adc.o(.data)
    temperature                              0x10000834   Data         444  adc.o(.data)
    NTC_Tem_NR                               0x100009f0   Data         320  adc.o(.data)
    ulADCBuf                                 0x10000b30   Data           4  adc.o(.data)
    ulADCData                                0x10000b34   Data           4  adc.o(.data)
    t                                        0x10000b38   Data           4  adc.o(.data)
    SystemCoreClock                          0x10000b3c   Data           4  system_lpc11xx.o(.data)
    GcRcvBuf                                 0x10000b40   Data          20  adc.o(.bss)
    __libspace_start                         0x10000b54   Data          96  libspace.o(.bss)
    __temporary_stack_top$libspace           0x10000bb4   Data           0  libspace.o(.bss)



==============================================================================

Memory Map of the image

  Image Entry point : 0x000000c1

  Load Region LR_IROM1 (Base: 0x00000000, Size: 0x00003d24, Max: 0x00008000, ABSOLUTE, COMPRESSED[0x000035d8])

    Execution Region ER_IROM1 (Base: 0x00000000, Size: 0x000031e4, Max: 0x00008000, ABSOLUTE)

    Base Addr    Size         Type   Attr      Idx    E Section Name        Object

    0x00000000   0x000000c0   Data   RO          367    RESET               startup_lpc11xx.o
    0x000000c0   0x00000008   Code   RO          448  * !!!main             c_p.l(__main.o)
    0x000000c8   0x0000003c   Code   RO          691    !!!scatter          c_p.l(__scatter.o)
    0x00000104   0x0000001c   Code   RO          693    !!handler_zi        c_p.l(__scatter_zi.o)
    0x00000120   0x00000002   Code   RO          441    .ARM.Collect$$_printf_percent$$00000000  c_p.l(_printf_percent.o)
    0x00000122   0x0000000a   Code   RO          440    .ARM.Collect$$_printf_percent$$00000003  c_p.l(_printf_f.o)
    0x0000012c   0x0000000a   Code   RO          439    .ARM.Collect$$_printf_percent$$00000009  c_p.l(_printf_d.o)
    0x00000136   0x00000004   Code   RO          488    .ARM.Collect$$_printf_percent$$00000017  c_p.l(_printf_percent_end.o)
    0x0000013a   0x00000002   Code   RO          559    .ARM.Collect$$libinit$$00000000  c_p.l(libinit.o)
    0x0000013c   0x00000000   Code   RO          561    .ARM.Collect$$libinit$$00000002  c_p.l(libinit2.o)
    0x0000013c   0x00000000   Code   RO          563    .ARM.Collect$$libinit$$00000004  c_p.l(libinit2.o)
    0x0000013c   0x00000000   Code   RO          566    .ARM.Collect$$libinit$$0000000A  c_p.l(libinit2.o)
    0x0000013c   0x00000000   Code   RO          568    .ARM.Collect$$libinit$$0000000C  c_p.l(libinit2.o)
    0x0000013c   0x00000000   Code   RO          570    .ARM.Collect$$libinit$$0000000E  c_p.l(libinit2.o)
    0x0000013c   0x00000006   Code   RO          571    .ARM.Collect$$libinit$$0000000F  c_p.l(libinit2.o)
    0x00000142   0x00000000   Code   RO          573    .ARM.Collect$$libinit$$00000011  c_p.l(libinit2.o)
    0x00000142   0x00000000   Code   RO          575    .ARM.Collect$$libinit$$00000013  c_p.l(libinit2.o)
    0x00000142   0x00000000   Code   RO          577    .ARM.Collect$$libinit$$00000015  c_p.l(libinit2.o)
    0x00000142   0x0000000a   Code   RO          578    .ARM.Collect$$libinit$$00000016  c_p.l(libinit2.o)
    0x0000014c   0x00000000   Code   RO          579    .ARM.Collect$$libinit$$00000017  c_p.l(libinit2.o)
    0x0000014c   0x00000000   Code   RO          581    .ARM.Collect$$libinit$$00000019  c_p.l(libinit2.o)
    0x0000014c   0x00000000   Code   RO          583    .ARM.Collect$$libinit$$0000001B  c_p.l(libinit2.o)
    0x0000014c   0x00000000   Code   RO          585    .ARM.Collect$$libinit$$0000001D  c_p.l(libinit2.o)
    0x0000014c   0x00000000   Code   RO          587    .ARM.Collect$$libinit$$0000001F  c_p.l(libinit2.o)
    0x0000014c   0x00000000   Code   RO          589    .ARM.Collect$$libinit$$00000021  c_p.l(libinit2.o)
    0x0000014c   0x00000000   Code   RO          591    .ARM.Collect$$libinit$$00000023  c_p.l(libinit2.o)
    0x0000014c   0x00000000   Code   RO          593    .ARM.Collect$$libinit$$00000025  c_p.l(libinit2.o)
    0x0000014c   0x00000000   Code   RO          597    .ARM.Collect$$libinit$$0000002C  c_p.l(libinit2.o)
    0x0000014c   0x00000000   Code   RO          599    .ARM.Collect$$libinit$$0000002E  c_p.l(libinit2.o)
    0x0000014c   0x00000000   Code   RO          601    .ARM.Collect$$libinit$$00000030  c_p.l(libinit2.o)
    0x0000014c   0x00000000   Code   RO          603    .ARM.Collect$$libinit$$00000032  c_p.l(libinit2.o)
    0x0000014c   0x00000002   Code   RO          604    .ARM.Collect$$libinit$$00000033  c_p.l(libinit2.o)
    0x0000014e   0x00000002   Code   RO          654    .ARM.Collect$$libshutdown$$00000000  c_p.l(libshutdown.o)
    0x00000150   0x00000000   Code   RO          672    .ARM.Collect$$libshutdown$$00000002  c_p.l(libshutdown2.o)
    0x00000150   0x00000000   Code   RO          674    .ARM.Collect$$libshutdown$$00000004  c_p.l(libshutdown2.o)
    0x00000150   0x00000000   Code   RO          677    .ARM.Collect$$libshutdown$$00000007  c_p.l(libshutdown2.o)
    0x00000150   0x00000000   Code   RO          680    .ARM.Collect$$libshutdown$$0000000A  c_p.l(libshutdown2.o)
    0x00000150   0x00000000   Code   RO          682    .ARM.Collect$$libshutdown$$0000000C  c_p.l(libshutdown2.o)
    0x00000150   0x00000000   Code   RO          685    .ARM.Collect$$libshutdown$$0000000F  c_p.l(libshutdown2.o)
    0x00000150   0x00000002   Code   RO          686    .ARM.Collect$$libshutdown$$00000010  c_p.l(libshutdown2.o)
    0x00000152   0x00000000   Code   RO          475    .ARM.Collect$$rtentry$$00000000  c_p.l(__rtentry.o)
    0x00000152   0x00000000   Code   RO          495    .ARM.Collect$$rtentry$$00000002  c_p.l(__rtentry2.o)
    0x00000152   0x00000006   Code   RO          507    .ARM.Collect$$rtentry$$00000004  c_p.l(__rtentry4.o)
    0x00000158   0x00000000   Code   RO          497    .ARM.Collect$$rtentry$$00000009  c_p.l(__rtentry2.o)
    0x00000158   0x00000004   Code   RO          498    .ARM.Collect$$rtentry$$0000000A  c_p.l(__rtentry2.o)
    0x0000015c   0x00000000   Code   RO          500    .ARM.Collect$$rtentry$$0000000C  c_p.l(__rtentry2.o)
    0x0000015c   0x00000008   Code   RO          501    .ARM.Collect$$rtentry$$0000000D  c_p.l(__rtentry2.o)
    0x00000164   0x00000002   Code   RO          608    .ARM.Collect$$rtexit$$00000000  c_p.l(rtexit.o)
    0x00000166   0x00000000   Code   RO          623    .ARM.Collect$$rtexit$$00000002  c_p.l(rtexit2.o)
    0x00000166   0x00000004   Code   RO          624    .ARM.Collect$$rtexit$$00000003  c_p.l(rtexit2.o)
    0x0000016a   0x00000006   Code   RO          625    .ARM.Collect$$rtexit$$00000004  c_p.l(rtexit2.o)
    0x00000170   0x00000034   Code   RO          369    .text               startup_lpc11xx.o
    0x000001a4   0x00000028   Code   RO          411    .text               c_p.l(noretval__2sprintf.o)
    0x000001cc   0x0000004e   Code   RO          415    .text               c_p.l(_printf_pad.o)
    0x0000021a   0x00000002   PAD
    0x0000021c   0x0000006c   Code   RO          417    .text               c_p.l(_printf_dec.o)
    0x00000288   0x00000006   Code   RO          446    .text               c_p.l(heapauxi.o)
    0x0000028e   0x00000058   Code   RO          452    .text               fz_ps.l(dflti.o)
    0x000002e6   0x0000000a   Code   RO          486    .text               c_p.l(_sputc.o)
    0x000002f0   0x00000008   Code   RO          514    .text               c_p.l(rt_locale_intlibspace.o)
    0x000002f8   0x00000002   Code   RO          641    .text               c_p.l(use_no_semi.o)
    0x000002fa   0x00000000   Code   RO          643    .text               c_p.l(indicate_semi.o)
    0x000002fa   0x00000000   Code   RO          493    x$fpl$usenofp       fz_ps.l(usenofp.o)
    0x000002fa   0x00000002   PAD
    0x000002fc   0x00000004   Code   RO          368    .ARM.__at_0x02FC    startup_lpc11xx.o
    0x00000300   0x0000010e   Code   RO          427    .text               c_p.l(__printf_wp.o)
    0x0000040e   0x0000015a   Code   RO          442    .text               c_p.l(aeabi_sdiv.o)
    0x00000568   0x0000007c   Code   RO          450    .text               fz_ps.l(d2f.o)
    0x000005e4   0x00000054   Code   RO          458    .text               fz_ps.l(f2d.o)
    0x00000638   0x00000160   Code   RO          466    .text               fz_ps.l(fdiv.o)
    0x00000798   0x0000005e   Code   RO          469    .text               fz_ps.l(fflti.o)
    0x000007f6   0x000000b0   Code   RO          480    .text               c_p.l(_printf_intcommon.o)
    0x000008a6   0x00000002   PAD
    0x000008a8   0x00000414   Code   RO          482    .text               c_p.l(_printf_fp_dec.o)
    0x00000cbc   0x00000030   Code   RO          484    .text               c_p.l(_printf_char_common.o)
    0x00000cec   0x00000028   Code   RO          489    .text               c_p.l(rtudiv10.o)
    0x00000d14   0x00000090   Code   RO          491    .text               fz_ps.l(dcmpin.o)
    0x00000da4   0x0000007a   Code   RO          516    .text               c_p.l(lludiv10.o)
    0x00000e1e   0x00000002   PAD
    0x00000e20   0x00000088   Code   RO          518    .text               c_p.l(_printf_fp_infnan.o)
    0x00000ea8   0x000000c8   Code   RO          522    .text               c_p.l(bigflt0.o)
    0x00000f70   0x000004a8   Code   RO          525    .text               c_p.l(btod.o)
    0x00001418   0x0000002e   Code   RO          532    .text               fz_ps.l(cmpret.o)
    0x00001446   0x00000002   PAD
    0x00001448   0x00000014   Code   RO          534    .text               fz_ps.l(dnan2.o)
    0x0000145c   0x00000008   Code   RO          540    .text               c_p.l(libspace.o)
    0x00001464   0x0000003e   Code   RO          543    .text               c_p.l(sys_stackheap_outer.o)
    0x000014a2   0x00000010   Code   RO          546    .text               c_p.l(exit.o)
    0x000014b2   0x00000002   PAD
    0x000014b4   0x00000088   Code   RO          552    .text               c_p.l(strcmp.o)
    0x0000153c   0x0000005e   Code   RO          605    .text               fz_ps.l(retnan.o)
    0x0000159a   0x00000002   PAD
    0x0000159c   0x0000000c   Code   RO          620    .text               c_p.l(sys_exit.o)
    0x000015a8   0x00000056   Code   RO          689    .text               c_p.l(__dczerorl2.o)
    0x000015fe   0x00000002   PAD
    0x00001600   0x00000074   Code   RO          290    i.ADC_Init          adc.o
    0x00001674   0x000002e0   Code   RO          291    i.ADC_read          adc.o
    0x00001954   0x00000044   Code   RO          292    i.CaculTwoPoint     adc.o
    0x00001998   0x00000038   Code   RO           67    i.OLED_CLS          oled.o
    0x000019d0   0x0000003a   Code   RO           69    i.OLED_Fill         oled.o
    0x00001a0a   0x00000002   PAD
    0x00001a0c   0x00000128   Code   RO           71    i.OLED_Init         oled.o
    0x00001b34   0x000000fc   Code   RO           72    i.OLED_P14x16Str    oled.o
    0x00001c30   0x00000060   Code   RO           73    i.OLED_P6x8Str      oled.o
    0x00001c90   0x00000060   Code   RO           75    i.OLED_Print        oled.o
    0x00001cf0   0x00000028   Code   RO           76    i.OLED_PrintNum     oled.o
    0x00001d18   0x0000002e   Code   RO           78    i.OLED_Set_Pos      oled.o
    0x00001d46   0x00000002   PAD
    0x00001d48   0x0000006c   Code   RO           79    i.OLED_WrCmd        oled.o
    0x00001db4   0x0000006c   Code   RO           80    i.OLED_WrDat        oled.o
    0x00001e20   0x0000013c   Code   RO          197    i.PIOINT3_IRQHandler  key.o
    0x00001f5c   0x000000a0   Code   RO          378    i.SystemInit        system_lpc11xx.o
    0x00001ffc   0x000000c0   Code   RO          327    i.UART_Init         uart.o
    0x000020bc   0x00000018   Code   RO          328    i.UART_SendByte     uart.o
    0x000020d4   0x0000001c   Code   RO          329    i.UART_SendStr      uart.o
    0x000020f0   0x000001e8   Code   RO          235    i.UI                ui.o
    0x000022d8   0x00000030   Code   RO          527    i.__ARM_common_ll_muluu  c_p.l(btod.o)
    0x00002308   0x0000001c   Code   RO          259    i.__ARM_common_switch8  ui.o
    0x00002324   0x0000002c   Code   RO          538    i.__ARM_fpclassify  m_ps.l(fpclassify.o)
    0x00002350   0x0000000e   Code   RO          429    i._is_digit         c_p.l(__printf_wp.o)
    0x0000235e   0x00000002   PAD
    0x00002360   0x00000024   Code   RO          270    i.delay             delay.o
    0x00002384   0x00000030   Code   RO          198    i.key_init          key.o
    0x000023b4   0x00000018   Code   RO            3    i.main              main.o
    0x000023cc   0x00000094   Code   RO          236    i.printscreen       ui.o
    0x00002460   0x0000002c   Code   RO          530    locale$$code        c_p.l(lc_numeric_c.o)
    0x0000248c   0x00000064   Code   RO          454    x$fpl$dleqf         fz_ps.l(dlef.o)
    0x000024f0   0x00000068   Code   RO          456    x$fpl$drleqf        fz_ps.l(drlef.o)
    0x00002558   0x0000008c   Code   RO          460    x$fpl$fadd          fz_ps.l(faddsub.o)
    0x000025e4   0x000000b0   Code   RO          471    x$fpl$fmul          fz_ps.l(fmul.o)
    0x00002694   0x00000018   Code   RO          461    x$fpl$frsb          fz_ps.l(faddsub.o)
    0x000026ac   0x000000d0   Code   RO          462    x$fpl$fsub          fz_ps.l(faddsub.o)
    0x0000277c   0x00000010   Code   RO          473    x$fpl$printf1       fz_ps.l(printf1.o)
    0x0000278c   0x00000945   Data   RO           82    .constdata          oled.o
    0x000030d1   0x00000040   Data   RO          467    .constdata          fz_ps.l(fdiv.o)
    0x00003111   0x00000003   PAD
    0x00003114   0x00000094   Data   RO          523    .constdata          c_p.l(bigflt0.o)
    0x000031a8   0x00000020   Data   RO          687    Region$$Table       anon$$obj.o
    0x000031c8   0x0000001c   Data   RO          529    locale$$data        c_p.l(lc_numeric_c.o)


    Execution Region RW_IRAM1 (Base: 0x10000000, Size: 0x00000db8, Max: 0x00002000, ABSOLUTE, COMPRESSED[0x000003f4])

    Base Addr    Size         Type   Attr      Idx    E Section Name        Object

    0x10000000   0x00000008   Data   RW          199    .data               key.o
    0x10000008   0x00000669   Data   RW          237    .data               ui.o
    0x10000671   0x00000007   PAD
    0x10000678   0x000004c4   Data   RW          294    .data               adc.o
    0x10000b3c   0x00000004   Data   RW          379    .data               system_lpc11xx.o
    0x10000b40   0x00000014   Zero   RW          293    .bss                adc.o
    0x10000b54   0x00000060   Zero   RW          541    .bss                c_p.l(libspace.o)
    0x10000bb4   0x00000004   PAD
    0x10000bb8   0x00000000   Zero   RW          366    HEAP                startup_lpc11xx.o
    0x10000bb8   0x00000200   Zero   RW          365    STACK               startup_lpc11xx.o


==============================================================================

Image component sizes


      Code (inc. data)   RO Data    RW Data    ZI Data      Debug   Object Name

       920        114          0       1220         20       2720   adc.o
        36          4          0          0          0        456   delay.o
       364         26          0          8          0      15509   key.o
        24          0          0          0          0       4931   main.o
      1156         46       2373          0          0       7289   oled.o
        56         26        192          0        512        840   startup_lpc11xx.o
       160         10          0          4          0       1871   system_lpc11xx.o
       244         22          0          0          0       1307   uart.o
       664         80          0       1641          0       2389   ui.o

    ----------------------------------------------------------------------
      3628        328       2597       2880        532      37312   Object Totals
         0          0         32          0          0          0   (incl. Generated)
         4          0          0          7          0          0   (incl. Padding)

    ----------------------------------------------------------------------

      Code (inc. data)   RO Data    RW Data    ZI Data      Debug   Library Member Name

        86          0          0          0          0          0   __dczerorl2.o
         8          0          0          0          0         68   __main.o
       284          0          0          0          0        136   __printf_wp.o
         0          0          0          0          0          0   __rtentry.o
        12          0          0          0          0          0   __rtentry2.o
         6          0          0          0          0          0   __rtentry4.o
        60          8          0          0          0          0   __scatter.o
        28          0          0          0          0          0   __scatter_zi.o
        48          6          0          0          0         88   _printf_char_common.o
        10          0          0          0          0          0   _printf_d.o
       108         18          0          0          0         76   _printf_dec.o
        10          0          0          0          0          0   _printf_f.o
      1044         14          0          0          0        176   _printf_fp_dec.o
       136         16          0          0          0         76   _printf_fp_infnan.o
       176          0          0          0          0         84   _printf_intcommon.o
        78          0          0          0          0        100   _printf_pad.o
         2          0          0          0          0          0   _printf_percent.o
         4          0          0          0          0          0   _printf_percent_end.o
        10          0          0          0          0         60   _sputc.o
       346          0          0          0          0         92   aeabi_sdiv.o
       200          4        148          0          0         80   bigflt0.o
      1240         12          0          0          0        316   btod.o
        16          0          0          0          0         68   exit.o
         6          0          0          0          0        136   heapauxi.o
         0          0          0          0          0          0   indicate_semi.o
        44         10         28          0          0         76   lc_numeric_c.o
         2          0          0          0          0          0   libinit.o
        18          0          0          0          0          0   libinit2.o
         2          0          0          0          0          0   libshutdown.o
         2          0          0          0          0          0   libshutdown2.o
         8          4          0          0         96         68   libspace.o
       122          0          0          0          0         72   lludiv10.o
        40          4          0          0          0         84   noretval__2sprintf.o
         8          4          0          0          0         68   rt_locale_intlibspace.o
         2          0          0          0          0          0   rtexit.o
        10          0          0          0          0          0   rtexit2.o
        40          0          0          0          0         60   rtudiv10.o
       136          4          0          0          0         72   strcmp.o
        12          4          0          0          0         60   sys_exit.o
        62          0          0          0          0         80   sys_stackheap_outer.o
         2          0          0          0          0         68   use_no_semi.o
        46          0          0          0          0         60   cmpret.o
       124          4          0          0          0         72   d2f.o
       144          4          0          0          0         76   dcmpin.o
        88          0          0          0          0         92   dflti.o
       100          4          0          0          0         92   dlef.o
        20          6          0          0          0         68   dnan2.o
       104          4          0          0          0        104   drlef.o
        84          4          0          0          0         60   f2d.o
       372          8          0          0          0        240   faddsub.o
       352         10         64          0          0         92   fdiv.o
        94          0          0          0          0         92   fflti.o
       176          4          0          0          0         80   fmul.o
        16          4          0          0          0         76   printf1.o
        94          0          0          0          0         68   retnan.o
         0          0          0          0          0          0   usenofp.o
        44          4          0          0          0         60   fpclassify.o

    ----------------------------------------------------------------------
      6304        164        243          0        100       3596   Library Totals
        18          0          3          0          4          0   (incl. Padding)

    ----------------------------------------------------------------------

      Code (inc. data)   RO Data    RW Data    ZI Data      Debug   Library Name

      4428        108        176          0         96       2264   c_p.l
      1814         52         64          0          0       1272   fz_ps.l
        44          4          0          0          0         60   m_ps.l

    ----------------------------------------------------------------------
      6304        164        243          0        100       3596   Library Totals

    ----------------------------------------------------------------------

==============================================================================


      Code (inc. data)   RO Data    RW Data    ZI Data      Debug   

      9932        492       2840       2880        632      38144   Grand Totals
      9932        492       2840       1012        632      38144   ELF Image Totals (compressed)
      9932        492       2840       1012          0          0   ROM Totals

==============================================================================

    Total RO  Size (Code + RO Data)                12772 (  12.47kB)
    Total RW  Size (RW Data + ZI Data)              3512 (   3.43kB)
    Total ROM Size (Code + RO Data + RW Data)      13784 (  13.46kB)

==============================================================================

